 pthread

 Timestamp is 62b156eb (Tue Jun 21 13:28:11 2022)

 Preferred load address is 10000000

 Start         Length     Name                   Class
 0001:00000000 0000bd1fH .text$mn                CODE
 0002:00000000 00000168H .idata$5                DATA
 0002:00000168 00000008H .00cfg                  DATA
 0002:00000170 00000004H .CRT$XCA                DATA
 0002:00000174 00000004H .CRT$XCZ                DATA
 0002:00000178 00000004H .CRT$XIA                DATA
 0002:0000017c 00000004H .CRT$XIZ                DATA
 0002:00000180 00000004H .CRT$XPA                DATA
 0002:00000184 00000004H .CRT$XPZ                DATA
 0002:00000188 00000004H .CRT$XTA                DATA
 0002:0000018c 00000004H .CRT$XTZ                DATA
 0002:00000190 00000000H .gfids$y                DATA
 0002:00000190 00000970H .rdata                  DATA
 0002:00000b00 00000004H .rdata$CastGuardVftablesA DATA
 0002:00000b04 00000004H .rdata$CastGuardVftablesC DATA
 0002:00000b08 00000008H .rdata$sxdata           DATA
 0002:00000b10 000000b4H .rdata$voltmd           DATA
 0002:00000bc4 00000308H .rdata$zzzdbg           DATA
 0002:00000ecc 00000004H .rtc$IAA                DATA
 0002:00000ed0 00000004H .rtc$IZZ                DATA
 0002:00000ed4 00000004H .rtc$TAA                DATA
 0002:00000ed8 00000008H .rtc$TZZ                DATA
 0002:00000ee0 000001b0H .xdata$x                DATA
 0002:00001090 00001220H .edata                  DATA
 0002:000022b0 00000078H .idata$2                DATA
 0002:00002328 00000014H .idata$3                DATA
 0002:0000233c 00000168H .idata$4                DATA
 0002:000024a4 000006c6H .idata$6                DATA
 0003:00000000 00000058H .data                   DATA
 0003:00000058 000003e0H .bss                    DATA
 0004:00000000 000000a0H .rsrc$01                DATA
 0004:000000a0 00000578H .rsrc$02                DATA

  Address         Publics by Value              Rva+Base       Lib:Object

 0000:00000000       ___hybrid_auxiliary_iat_copy 00000000     <absolute>
 0000:00000000       ___guard_fids_table        00000000     <absolute>
 0000:00000000       ___arm64x_extra_rfe_table_size 00000000     <absolute>
 0000:00000000       ___enclave_config          00000000     <absolute>
 0000:00000000       ___hybrid_code_map         00000000     <absolute>
 0000:00000000       ___x64_code_ranges_to_entry_points 00000000     <absolute>
 0000:00000000       ___hybrid_auxiliary_iat    00000000     <absolute>
 0000:00000000       ___arm64x_redirection_metadata_count 00000000     <absolute>
 0000:00000000       ___guard_check_icall_a64n_fptr 00000000     <absolute>
 0000:00000000       ___dynamic_value_reloc_table 00000000     <absolute>
 0000:00000000       ___guard_longjmp_count     00000000     <absolute>
 0000:00000000       ___hybrid_code_map_count   00000000     <absolute>
 0000:00000000       ___guard_eh_cont_count     00000000     <absolute>
 0000:00000000       ___arm64x_redirection_metadata 00000000     <absolute>
 0000:00000000       ___arm64x_extra_rfe_table  00000000     <absolute>
 0000:00000000       ___guard_iat_table         00000000     <absolute>
 0000:00000000       ___guard_longjmp_table     00000000     <absolute>
 0000:00000000       ___AbsoluteZero            00000000     <absolute>
 0000:00000000       ___arm64x_native_entrypoint 00000000     <absolute>
 0000:00000000       ___x64_code_ranges_to_entry_points_count 00000000     <absolute>
 0000:00000000       ___guard_fids_count        00000000     <absolute>
 0000:00000000       ___guard_iat_count         00000000     <absolute>
 0000:00000000       ___guard_eh_cont_table     00000000     <absolute>
 0000:00000002       ___safe_se_handler_count   00000002     <absolute>
 0000:00000100       ___guard_flags             00000100     <absolute>
 0000:00000000       ___ImageBase               10000000     <linker-defined>
 0001:00000000       _ptw32_pop_cleanup         10001000 f   cleanup.obj
 0001:00000090       _ptw32_push_cleanup        10001090 f   cleanup.obj
 0001:000000f0       _pthread_create            100010f0 f   create.obj
 0001:00000400       _DllMain@12                10001400 f   dll.obj
 0001:00000480       _pthread_attr_destroy      10001480 f   pthread_attr_destroy.obj
 0001:000004e0       _pthread_attr_getaffinity_np 100014e0 f   pthread_attr_getaffinity_np.obj
 0001:00000520       _pthread_attr_getdetachstate 10001520 f   pthread_attr_getdetachstate.obj
 0001:00000560       _pthread_attr_getinheritsched 10001560 f   pthread_attr_getinheritsched.obj
 0001:000005a0       _pthread_attr_getname_np   100015a0 f   pthread_attr_getname_np.obj
 0001:000005b0       _pthread_attr_getschedparam 100015b0 f   pthread_attr_getschedparam.obj
 0001:000005f0       _pthread_attr_getschedpolicy 100015f0 f   pthread_attr_getschedpolicy.obj
 0001:00000630       _pthread_attr_getscope     10001630 f   pthread_attr_getscope.obj
 0001:00000650       _pthread_attr_getstackaddr 10001650 f   pthread_attr_getstackaddr.obj
 0001:00000650       _pthread_attr_setstackaddr 10001650 f   pthread_attr_setstackaddr.obj
 0001:00000660       _pthread_attr_getstacksize 10001660 f   pthread_attr_getstacksize.obj
 0001:000006a0       _pthread_attr_init         100016a0 f   pthread_attr_init.obj
 0001:000007a0       _pthread_attr_setaffinity_np 100017a0 f   pthread_attr_setaffinity_np.obj
 0001:000007e0       _pthread_attr_setdetachstate 100017e0 f   pthread_attr_setdetachstate.obj
 0001:00000830       _pthread_attr_setinheritsched 10001830 f   pthread_attr_setinheritsched.obj
 0001:00000880       _pthread_attr_setname_np   10001880 f   pthread_attr_setname_np.obj
 0001:000008f0       _pthread_attr_setschedparam 100018f0 f   pthread_attr_setschedparam.obj
 0001:00000970       _pthread_attr_setschedpolicy 10001970 f   pthread_attr_setschedpolicy.obj
 0001:000009b0       _pthread_attr_setscope     100019b0 f   pthread_attr_setscope.obj
 0001:000009f0       _pthread_attr_setstacksize 100019f0 f   pthread_attr_setstacksize.obj
 0001:00000a20       _pthread_rwlockattr_destroy 10001a20 f   pthread_rwlockattr_destroy.obj
 0001:00000a20       _pthread_mutexattr_destroy 10001a20 f   pthread_mutexattr_destroy.obj
 0001:00000a20       _pthread_barrierattr_destroy 10001a20 f   pthread_barrierattr_destroy.obj
 0001:00000a90       _pthread_rwlockattr_getpshared 10001a90 f   pthread_rwlockattr_getpshared.obj
 0001:00000a90       _pthread_condattr_getpshared 10001a90 f   pthread_condattr_getpshared.obj
 0001:00000a90       _pthread_mutexattr_getpshared 10001a90 f   pthread_mutexattr_getpshared.obj
 0001:00000a90       _pthread_barrierattr_getpshared 10001a90 f   pthread_barrierattr_getpshared.obj
 0001:00000ad0       _pthread_barrierattr_init  10001ad0 f   pthread_barrierattr_init.obj
 0001:00000b40       _pthread_mutexattr_setpshared 10001b40 f   pthread_mutexattr_setpshared.obj
 0001:00000b40       _pthread_condattr_setpshared 10001b40 f   pthread_condattr_setpshared.obj
 0001:00000b40       _pthread_rwlockattr_setpshared 10001b40 f   pthread_rwlockattr_setpshared.obj
 0001:00000b40       _pthread_barrierattr_setpshared 10001b40 f   pthread_barrierattr_setpshared.obj
 0001:00000b90       _pthread_barrier_destroy   10001b90 f   pthread_barrier_destroy.obj
 0001:00000cd0       _pthread_barrier_init      10001cd0 f   pthread_barrier_init.obj
 0001:00000dc0       _pthread_barrier_wait      10001dc0 f   pthread_barrier_wait.obj
 0001:00000f40       _ptw32_RegisterCancellation 10001f40 f   pthread_cancel.obj
 0001:00001000       _pthread_cancel            10002000 f   pthread_cancel.obj
 0001:00001220       _pthread_condattr_destroy  10002220 f   pthread_condattr_destroy.obj
 0001:00001290       _pthread_condattr_init     10002290 f   pthread_condattr_init.obj
 0001:00001370       _pthread_cond_destroy      10002370 f   pthread_cond_destroy.obj
 0001:00001610       _pthread_cond_init         10002610 f   pthread_cond_init.obj
 0001:00001a00       _pthread_cond_signal       10002a00 f   pthread_cond_signal.obj
 0001:00001a20       _pthread_cond_broadcast    10002a20 f   pthread_cond_signal.obj
 0001:00001d90       _pthread_cond_wait         10002d90 f   pthread_cond_wait.obj
 0001:00001db0       _pthread_cond_timedwait    10002db0 f   pthread_cond_wait.obj
 0001:00001de0       _pthread_delay_np          10002de0 f   pthread_delay_np.obj
 0001:00001fa0       _pthread_detach            10002fa0 f   pthread_detach.obj
 0001:00002100       _pthread_equal             10003100 f   pthread_equal.obj
 0001:00002140       _pthread_exit              10003140 f   pthread_exit.obj
 0001:000021a0       _pthread_getconcurrency    100031a0 f   pthread_getconcurrency.obj
 0001:000021b0       _pthread_getname_np        100031b0 f   pthread_getname_np.obj
 0001:000022a0       _pthread_getschedparam     100032a0 f   pthread_getschedparam.obj
 0001:00002300       _pthread_getspecific       10003300 f   pthread_getspecific.obj
 0001:00002380       _pthread_getunique_np      10003380 f   pthread_getunique_np.obj
 0001:00002390       _pthread_getw32threadhandle_np 10003390 f   pthread_getw32threadhandle_np.obj
 0001:000023a0       _pthread_getw32threadid_np 100033a0 f   pthread_getw32threadhandle_np.obj
 0001:000023b0       _pthread_join              100033b0 f   pthread_join.obj
 0001:00002500       _pthread_key_create        10003500 f   pthread_key_create.obj
 0001:000025d0       _pthread_key_delete        100035d0 f   pthread_key_delete.obj
 0001:00002730       _pthread_kill              10003730 f   pthread_kill.obj
 0001:000028f0       _pthread_mutexattr_getkind_np 100038f0 f   pthread_mutexattr_getkind_np.obj
 0001:00002910       _pthread_mutexattr_getrobust 10003910 f   pthread_mutexattr_getrobust.obj
 0001:00002950       _pthread_mutexattr_gettype 10003950 f   pthread_mutexattr_gettype.obj
 0001:00002990       _pthread_mutexattr_init    10003990 f   pthread_mutexattr_init.obj
 0001:00002a10       _pthread_mutexattr_setkind_np 10003a10 f   pthread_mutexattr_setkind_np.obj
 0001:00002a30       _pthread_mutexattr_setrobust 10003a30 f   pthread_mutexattr_setrobust.obj
 0001:00002a80       _pthread_mutexattr_settype 10003a80 f   pthread_mutexattr_settype.obj
 0001:00002ae0       _ptw32_robust_mutex_inherit 10003ae0 f   pthread_mutex_consistent.obj
 0001:00002b40       _ptw32_robust_mutex_add    10003b40 f   pthread_mutex_consistent.obj
 0001:00002bd0       _ptw32_robust_mutex_remove 10003bd0 f   pthread_mutex_consistent.obj
 0001:00002c50       _pthread_mutex_consistent  10003c50 f   pthread_mutex_consistent.obj
 0001:00002cb0       _pthread_mutex_destroy     10003cb0 f   pthread_mutex_destroy.obj
 0001:00002e60       _pthread_mutex_init        10003e60 f   pthread_mutex_init.obj
 0001:00003040       _pthread_mutex_lock        10004040 f   pthread_mutex_lock.obj
 0001:000034c0       _pthread_mutex_timedlock   100044c0 f   pthread_mutex_timedlock.obj
 0001:000038b0       _pthread_mutex_trylock     100048b0 f   pthread_mutex_trylock.obj
 0001:00003ad0       _pthread_mutex_unlock      10004ad0 f   pthread_mutex_unlock.obj
 0001:00003d30       _pthread_num_processors_np 10004d30 f   pthread_num_processors_np.obj
 0001:00003dd0       _pthread_once              10004dd0 f   pthread_once.obj
 0001:00003f30       _pthread_rwlockattr_init   10004f30 f   pthread_rwlockattr_init.obj
 0001:00003fa0       _pthread_rwlock_destroy    10004fa0 f   pthread_rwlock_destroy.obj
 0001:000041f0       _pthread_rwlock_init       100051f0 f   pthread_rwlock_init.obj
 0001:00004340       _pthread_rwlock_rdlock     10005340 f   pthread_rwlock_rdlock.obj
 0001:00004480       _pthread_rwlock_timedrdlock 10005480 f   pthread_rwlock_timedrdlock.obj
 0001:000045f0       _pthread_rwlock_timedwrlock 100055f0 f   pthread_rwlock_timedwrlock.obj
 0001:00004860       _pthread_rwlock_tryrdlock  10005860 f   pthread_rwlock_tryrdlock.obj
 0001:000049a0       _pthread_rwlock_trywrlock  100059a0 f   pthread_rwlock_trywrlock.obj
 0001:00004b20       _pthread_rwlock_unlock     10005b20 f   pthread_rwlock_unlock.obj
 0001:00004c40       _pthread_rwlock_wrlock     10005c40 f   pthread_rwlock_wrlock.obj
 0001:00004ea0       _pthread_self              10005ea0 f   pthread_self.obj
 0001:00005130       _pthread_setaffinity_np    10006130 f   pthread_setaffinity.obj
 0001:00005290       _pthread_getaffinity_np    10006290 f   pthread_setaffinity.obj
 0001:000053c0       _pthread_setcancelstate    100063c0 f   pthread_setcancelstate.obj
 0001:00005510       _pthread_setcanceltype     10006510 f   pthread_setcanceltype.obj
 0001:00005660       _pthread_setconcurrency    10006660 f   pthread_setconcurrency.obj
 0001:00005680       _SetThreadName             10006680 f   pthread_setname_np.obj
 0001:00005770       _pthread_setname_np        10006770 f   pthread_setname_np.obj
 0001:00005880       _pthread_setschedparam     10006880 f   pthread_setschedparam.obj
 0001:00005900       _ptw32_setthreadpriority   10006900 f   pthread_setschedparam.obj
 0001:00005a20       _pthread_setspecific       10006a20 f   pthread_setspecific.obj
 0001:00005c00       _pthread_spin_destroy      10006c00 f   pthread_spin_destroy.obj
 0001:00005d30       _pthread_spin_init         10006d30 f   pthread_spin_init.obj
 0001:00005eb0       _pthread_spin_lock         10006eb0 f   pthread_spin_lock.obj
 0001:00005f60       _pthread_spin_trylock      10006f60 f   pthread_spin_trylock.obj
 0001:00006020       _pthread_spin_unlock       10007020 f   pthread_spin_unlock.obj
 0001:000060b0       _pthread_testcancel        100070b0 f   pthread_testcancel.obj
 0001:000061b0       _pthread_timechange_handler_np 100071b0 f   pthread_timechange_handler_np.obj
 0001:00006280       _pthread_timedjoin_np      10007280 f   pthread_timedjoin_np.obj
 0001:00006400       _pthread_tryjoin_np        10007400 f   pthread_tryjoin_np.obj
 0001:00006560       _pthread_win32_process_attach_np 10007560 f   pthread_win32_attach_detach_np.obj
 0001:000067a0       _pthread_win32_process_detach_np 100077a0 f   pthread_win32_attach_detach_np.obj
 0001:00006880       _pthread_win32_thread_attach_np 10007880 f   pthread_win32_attach_detach_np.obj
 0001:00006890       _pthread_win32_thread_detach_np 10007890 f   pthread_win32_attach_detach_np.obj
 0001:000069f0       _pthread_win32_test_features_np 100079f0 f   pthread_win32_attach_detach_np.obj
 0001:00006a20       _ptw32_callUserDestroyRoutines 10007a20 f   ptw32_callUserDestroyRoutines.obj
 0001:00006c10       _ptw32_cond_check_need_init 10007c10 f   ptw32_cond_check_need_init.obj
 0001:00006cc0       _ptw32_getprocessors       10007cc0 f   ptw32_getprocessors.obj
 0001:00006dc0       _ptw32_is_attr             10007dc0 f   ptw32_is_attr.obj
 0001:00006e00       __InlineInterlockedExchangePointer 10007e00 f i ptw32_MCS_lock.obj
 0001:00006e10       __InlineInterlockedCompareExchangePointer 10007e10 f i ptw32_MCS_lock.obj
 0001:00006e30       _ptw32_mcs_flag_set        10007e30 f   ptw32_MCS_lock.obj
 0001:00006e80       _ptw32_mcs_flag_wait       10007e80 f   ptw32_MCS_lock.obj
 0001:00006f00       _ptw32_mcs_lock_acquire    10007f00 f   ptw32_MCS_lock.obj
 0001:00006f90       _ptw32_mcs_lock_release    10007f90 f   ptw32_MCS_lock.obj
 0001:00007030       _ptw32_mcs_lock_try_acquire 10008030 f   ptw32_MCS_lock.obj
 0001:000070a0       _ptw32_mcs_node_transfer   100080a0 f   ptw32_MCS_lock.obj
 0001:00007130       _ptw32_mutex_check_need_init 10008130 f   ptw32_mutex_check_need_init.obj
 0001:00007220       _ptw32_new                 10008220 f   ptw32_new.obj
 0001:000073e0       _ptw32_processInitialize   100083e0 f   ptw32_processInitialize.obj
 0001:000074e0       _ptw32_processTerminate    100084e0 f   ptw32_processTerminate.obj
 0001:00007610       _ptw32_relmillisecs        10008610 f   ptw32_relmillisecs.obj
 0001:000077c0       _pthread_win32_getabstime_np 100087c0 f   ptw32_relmillisecs.obj
 0001:00007900       _ptw32_threadReusePop      10008900 f   ptw32_reuse.obj
 0001:000079e0       _ptw32_threadReusePush     100089e0 f   ptw32_reuse.obj
 0001:00007ae0       _ptw32_rwlock_cancelwrwait 10008ae0 f   ptw32_rwlock_cancelwrwait.obj
 0001:00007b40       _ptw32_rwlock_check_need_init 10008b40 f   ptw32_rwlock_check_need_init.obj
 0001:00007c30       _ptw32_semwait             10008c30 f   ptw32_semwait.obj
 0001:00007d10       _ptw32_spinlock_check_need_init 10008d10 f   ptw32_spinlock_check_need_init.obj
 0001:00007dc0       _ptw32_strdup              10008dc0 f   ptw32_strdup.obj
 0001:00007e60       _ptw32_threadDestroy       10008e60 f   ptw32_threadDestroy.obj
 0001:00007fe0       _ptw32_threadStart@4       10008fe0 f   ptw32_threadStart.obj
 0001:00008240       _ptw32_throw               10009240 f   ptw32_throw.obj
 0001:000083b0       _ptw32_pop_cleanup_all     100093b0 f   ptw32_throw.obj
 0001:000083d0       _ptw32_get_exception_services_code 100093d0 f   ptw32_throw.obj
 0001:000083e0       _ptw32_timespec_to_filetime 100093e0 f   ptw32_timespec.obj
 0001:00008440       _ptw32_filetime_to_timespec 10009440 f   ptw32_timespec.obj
 0001:000084c0       _ptw32_tkAssocCreate       100094c0 f   ptw32_tkAssocCreate.obj
 0001:00008580       _ptw32_tkAssocDestroy      10009580 f   ptw32_tkAssocDestroy.obj
 0001:00008670       _sched_getscheduler        10009670 f   sched_getscheduler.obj
 0001:00008730       _sched_get_priority_max    10009730 f   sched_get_priority_max.obj
 0001:00008760       _sched_get_priority_min    10009760 f   sched_get_priority_min.obj
 0001:00008790       _sched_setaffinity         10009790 f   sched_setaffinity.obj
 0001:00008960       _sched_getaffinity         10009960 f   sched_setaffinity.obj
 0001:00008ac0       __sched_affinitycpucount   10009ac0 f   sched_setaffinity.obj
 0001:00008b00       __sched_affinitycpuzero    10009b00 f   sched_setaffinity.obj
 0001:00008b10       __sched_affinitycpuset     10009b10 f   sched_setaffinity.obj
 0001:00008b30       __sched_affinitycpuclr     10009b30 f   sched_setaffinity.obj
 0001:00008b50       __sched_affinitycpuisset   10009b50 f   sched_setaffinity.obj
 0001:00008b80       __sched_affinitycpuand     10009b80 f   sched_setaffinity.obj
 0001:00008ba0       __sched_affinitycpuor      10009ba0 f   sched_setaffinity.obj
 0001:00008bc0       __sched_affinitycpuxor     10009bc0 f   sched_setaffinity.obj
 0001:00008be0       __sched_affinitycpuequal   10009be0 f   sched_setaffinity.obj
 0001:00008c10       _sched_setscheduler        10009c10 f   sched_setscheduler.obj
 0001:00008cf0       _sched_yield               10009cf0 f   sched_yield.obj
 0001:00008d20       _sem_open                  10009d20 f   sem_open.obj
 0001:00008d20       _sem_close                 10009d20 f   sem_close.obj
 0001:00008d20       _sem_unlink                10009d20 f   sem_unlink.obj
 0001:00008d40       _sem_destroy               10009d40 f   sem_destroy.obj
 0001:00008e60       _sem_getvalue              10009e60 f   sem_getvalue.obj
 0001:00008f10       _sem_init                  10009f10 f   sem_init.obj
 0001:00009020       _sem_post                  1000a020 f   sem_post.obj
 0001:00009130       _sem_post_multiple         1000a130 f   sem_post_multiple.obj
 0001:00009320       _sem_timedwait             1000a320 f   sem_timedwait.obj
 0001:00009510       _sem_trywait               1000a510 f   sem_trywait.obj
 0001:000096a0       _sem_wait                  1000a6a0 f   sem_wait.obj
 0001:00009a00       _pthreadCancelableWait     1000aa00 f   w32_CancelableWait.obj
 0001:00009a20       _pthreadCancelableTimedWait 1000aa20 f   w32_CancelableWait.obj
 0001:00009a3c       _SetThreadAffinityMask@8   1000aa3c f   kernel32:KERNEL32.dll
 0001:00009a42       _ResumeThread@4            1000aa42 f   kernel32:KERNEL32.dll
 0001:00009a48       _WaitForSingleObject@8     1000aa48 f   kernel32:KERNEL32.dll
 0001:00009a4e       _SuspendThread@4           1000aa4e f   kernel32:KERNEL32.dll
 0001:00009a54       _SetEvent@4                1000aa54 f   kernel32:KERNEL32.dll
 0001:00009a5a       _GetThreadContext@8        1000aa5a f   kernel32:KERNEL32.dll
 0001:00009a60       _SetThreadContext@8        1000aa60 f   kernel32:KERNEL32.dll
 0001:00009a66       _Sleep@4                   1000aa66 f   kernel32:KERNEL32.dll
 0001:00009a6c       _SetLastError@4            1000aa6c f   kernel32:KERNEL32.dll
 0001:00009a72       _GetLastError@0            1000aa72 f   kernel32:KERNEL32.dll
 0001:00009a78       _TlsGetValue@4             1000aa78 f   kernel32:KERNEL32.dll
 0001:00009a7e       _TlsAlloc@0                1000aa7e f   kernel32:KERNEL32.dll
 0001:00009a84       _TlsFree@4                 1000aa84 f   kernel32:KERNEL32.dll
 0001:00009a8a       _TerminateThread@8         1000aa8a f   kernel32:KERNEL32.dll
 0001:00009a90       _CloseHandle@4             1000aa90 f   kernel32:KERNEL32.dll
 0001:00009a96       _CreateEventW@16           1000aa96 f   kernel32:KERNEL32.dll
 0001:00009a9c       _GetCurrentProcess@0       1000aa9c f   kernel32:KERNEL32.dll
 0001:00009aa2       _GetProcessAffinityMask@12 1000aaa2 f   kernel32:KERNEL32.dll
 0001:00009aa8       _GetCurrentThreadId@0      1000aaa8 f   kernel32:KERNEL32.dll
 0001:00009aae       _DuplicateHandle@28        1000aaae f   kernel32:KERNEL32.dll
 0001:00009ab4       _GetCurrentThread@0        1000aab4 f   kernel32:KERNEL32.dll
 0001:00009aba       _GetThreadPriority@4       1000aaba f   kernel32:KERNEL32.dll
 0001:00009ac0       _ResetEvent@4              1000aac0 f   kernel32:KERNEL32.dll
 0001:00009ac6       _RaiseException@16         1000aac6 f   kernel32:KERNEL32.dll
 0001:00009acc       _SetThreadPriority@8       1000aacc f   kernel32:KERNEL32.dll
 0001:00009ad2       _TlsSetValue@8             1000aad2 f   kernel32:KERNEL32.dll
 0001:00009ad8       _GetSystemDirectoryW@8     1000aad8 f   kernel32:KERNEL32.dll
 0001:00009ade       _LoadLibraryW@4            1000aade f   kernel32:KERNEL32.dll
 0001:00009ae4       _GetProcAddress@8          1000aae4 f   kernel32:KERNEL32.dll
 0001:00009aea       _FreeLibrary@4             1000aaea f   kernel32:KERNEL32.dll
 0001:00009af0       _GetSystemTimeAsFileTime@4 1000aaf0 f   kernel32:KERNEL32.dll
 0001:00009af6       _OpenProcess@12            1000aaf6 f   kernel32:KERNEL32.dll
 0001:00009afc       _GetCurrentProcessId@0     1000aafc f   kernel32:KERNEL32.dll
 0001:00009b02       _SetProcessAffinityMask@8  1000ab02 f   kernel32:KERNEL32.dll
 0001:00009b08       _CreateSemaphoreW@16       1000ab08 f   kernel32:KERNEL32.dll
 0001:00009b0e       _ReleaseSemaphore@12       1000ab0e f   kernel32:KERNEL32.dll
 0001:00009b14       _WaitForMultipleObjects@16 1000ab14 f   kernel32:KERNEL32.dll
 0001:00009b1a       @__security_check_cookie@4 1000ab1a f   MSVCRT:secchk.obj
 0001:00009b28       __except_handler4          1000ab28 f   MSVCRT:chandler4gs.obj
 0001:00009e97       __CRT_INIT@12              1000ae97 f   MSVCRT:dll_dllmain.obj
 0001:00009ea0       __DllMainCRTStartup@12     1000aea0 f   MSVCRT:dll_dllmain.obj
 0001:00009ec3       ___raise_securityfailure   1000aec3 f   MSVCRT:gs_report.obj
 0001:00009eeb       ___report_gsfailure        1000aeeb f   MSVCRT:gs_report.obj
 0001:00009fe5       ___report_rangecheckfailure 1000afe5 f   MSVCRT:gs_report.obj
 0001:00009ff1       ___report_securityfailure  1000aff1 f   MSVCRT:gs_report.obj
 0001:0000a0c0       ___report_securityfailureEx 1000b0c0 f   MSVCRT:gs_report.obj
 0001:0000a222       ___security_init_cookie    1000b222 f   MSVCRT:gs_support.obj
 0001:0000a26d       ?__scrt_initialize_type_info@@YAXXZ 1000b26d f   MSVCRT:tncleanup.obj
 0001:0000a279       ?__scrt_uninitialize_type_info@@YAXXZ 1000b279 f   MSVCRT:tncleanup.obj
 0001:0000a285       ___local_stdio_printf_options 1000b285 f i MSVCRT:default_local_stdio_options.obj
 0001:0000a28b       ___local_stdio_scanf_options 1000b28b f i MSVCRT:default_local_stdio_options.obj
 0001:0000a291       ___scrt_initialize_default_local_stdio_options 1000b291 f   MSVCRT:default_local_stdio_options.obj
 0001:0000a2ae       ?configure_argv@__scrt_narrow_argv_policy@@SAHXZ 1000b2ae f i MSVCRT:utility.obj
 0001:0000a2ff       ?initialize_environment@__scrt_narrow_environment_policy@@SAHXZ 1000b2ff f i MSVCRT:utility.obj
 0001:0000a338       _NtCurrentTeb              1000b338 f i MSVCRT:utility.obj
 0001:0000a33f       ___scrt_acquire_startup_lock 1000b33f f   MSVCRT:utility.obj
 0001:0000a371       ___scrt_dllmain_after_initialize_c 1000b371 f   MSVCRT:utility.obj
 0001:0000a39c       ___scrt_dllmain_before_initialize_c 1000b39c f   MSVCRT:utility.obj
 0001:0000a3aa       ___scrt_dllmain_crt_thread_attach 1000b3aa f   MSVCRT:utility.obj
 0001:0000a3c9       ___scrt_dllmain_crt_thread_detach 1000b3c9 f   MSVCRT:utility.obj
 0001:0000a3d6       ___scrt_dllmain_exception_filter 1000b3d6 f   MSVCRT:utility.obj
 0001:0000a40a       ___scrt_dllmain_uninitialize_c 1000b40a f   MSVCRT:utility.obj
 0001:0000a42d       ___scrt_dllmain_uninitialize_critical 1000b42d f   MSVCRT:utility.obj
 0001:0000a43a       ___scrt_initialize_crt     1000b43a f   MSVCRT:utility.obj
 0001:0000a473       ___scrt_initialize_onexit_tables 1000b473 f   MSVCRT:utility.obj
 0001:0000a4fa       ___scrt_is_nonwritable_in_current_image 1000b4fa f   MSVCRT:utility.obj
 0001:0000a58e       ___scrt_release_startup_lock 1000b58e f   MSVCRT:utility.obj
 0001:0000a5ab       ___scrt_uninitialize_crt   1000b5ab f   MSVCRT:utility.obj
 0001:0000a5d3       __onexit                   1000b5d3 f   MSVCRT:utility.obj
 0001:0000a600       _at_quick_exit             1000b600 f   MSVCRT:utility.obj
 0001:0000a623       _atexit                    1000b623 f   MSVCRT:utility.obj
 0001:0000a638       ___scrt_get_dyn_tls_init_callback 1000b638 f   MSVCRT:dyn_tls_init.obj
 0001:0000a63e       ___scrt_fastfail           1000b63e f   MSVCRT:utility_desktop.obj
 0001:0000a759       ___scrt_get_show_window_mode 1000b759 f   MSVCRT:utility_desktop.obj
 0001:0000a78a       ___scrt_initialize_mta     1000b78a f   MSVCRT:utility_desktop.obj
 0001:0000a78f       ___scrt_stub_for_is_c_termination_complete 1000b78f f   MSVCRT:ucrt_stubs.obj
 0001:0000a78f       ___scrt_stub_for_initialize_mta 1000b78f f   MSVCRT:utility_desktop.obj
 0001:0000a78f       ___scrt_initialize_winrt   1000b78f f   MSVCRT:utility_desktop.obj
 0001:0000a78f       ___scrt_exe_initialize_mta 1000b78f f   MSVCRT:utility_desktop.obj
 0001:0000a78f       __is_c_termination_complete 1000b78f f   MSVCRT:ucrt_stubs.obj
 0001:0000a792       ___scrt_is_managed_app     1000b792 f   MSVCRT:utility_desktop.obj
 0001:0000a7d5       ___scrt_set_unhandled_exception_filter 1000b7d5 f   MSVCRT:utility_desktop.obj
 0001:0000a7e1       ___scrt_unhandled_exception_filter@4 1000b7e1 f   MSVCRT:utility_desktop.obj
 0001:0000a837       __crt_debugger_hook        1000b837 f   MSVCRT:utility_desktop.obj
 0001:0000a83f       __RTC_Initialize           1000b83f f   MSVCRT:initsect.obj
 0001:0000a86b       __RTC_Terminate            1000b86b f   MSVCRT:initsect.obj
 0001:0000a8a0       __SEH_prolog4              1000b8a0 f   MSVCRT:sehprolg4.obj
 0001:0000a8f0       __SEH_epilog4              1000b8f0 f   MSVCRT:sehprolg4.obj
 0001:0000a904       ___castguard_check_failure_nop 1000b904 f i MSVCRT:guard_support.obj
 0001:0000a904       @_guard_check_icall_nop@4  1000b904 f i MSVCRT:guard_support.obj
 0001:0000a904       ___castguard_slow_path_check_nop 1000b904 f i MSVCRT:guard_support.obj
 0001:0000a907       _ReadNoFence               1000b907 f i MSVCRT:guard_support.obj
 0001:0000a907       _ReadPointerNoFence        1000b907 f i MSVCRT:guard_support.obj
 0001:0000a911       ___castguard_check_failure_debugbreak 1000b911 f i MSVCRT:guard_support.obj
 0001:0000a92c       ___castguard_check_failure_fastfail 1000b92c f i MSVCRT:guard_support.obj
 0001:0000a94b       ___castguard_check_failure_os_handled 1000b94b f i MSVCRT:guard_support.obj
 0001:0000a99f       ___castguard_slow_path_check_debugbreak 1000b99f f i MSVCRT:guard_support.obj
 0001:0000a9cc       ___castguard_slow_path_check_fastfail 1000b9cc f i MSVCRT:guard_support.obj
 0001:0000a9fd       ___castguard_slow_path_check_os_handled 1000b9fd f i MSVCRT:guard_support.obj
 0001:0000aa63       __guard_icall_checks_enforced 1000ba63 f i MSVCRT:guard_support.obj
 0001:0000aa75       ___isa_available_init      1000ba75 f   MSVCRT:cpu_disp.obj
 0001:0000ac46       __get_startup_argv_mode    1000bc46 f   MSVCRT:argv_mode.obj
 0001:0000ac4a       ___scrt_is_ucrt_dll_in_use 1000bc4a f   MSVCRT:ucrt_detection.obj
 0001:0000ac56       __except_handler4_common   1000bc56 f   vcruntime:VCRUNTIME140.dll
 0001:0000ac5c       ___std_type_info_destroy_list 1000bc5c f   vcruntime:VCRUNTIME140.dll
 0001:0000ac62       ___current_exception       1000bc62 f   vcruntime:VCRUNTIME140.dll
 0001:0000ac68       ___current_exception_context 1000bc68 f   vcruntime:VCRUNTIME140.dll
 0001:0000ac6e       _memset                    1000bc6e f   vcruntime:VCRUNTIME140.dll
 0001:0000ac74       __beginthreadex            1000bc74 f   ucrt:api-ms-win-crt-runtime-l1-1-0.dll
 0001:0000ac7a       _free                      1000bc7a f   ucrt:api-ms-win-crt-heap-l1-1-0.dll
 0001:0000ac80       _malloc                    1000bc80 f   ucrt:api-ms-win-crt-heap-l1-1-0.dll
 0001:0000ac86       _calloc                    1000bc86 f   ucrt:api-ms-win-crt-heap-l1-1-0.dll
 0001:0000ac8c       __get_errno                1000bc8c f   ucrt:api-ms-win-crt-runtime-l1-1-0.dll
 0001:0000ac92       __endthreadex              1000bc92 f   ucrt:api-ms-win-crt-runtime-l1-1-0.dll
 0001:0000ac98       _wcsncat_s                 1000bc98 f   ucrt:api-ms-win-crt-string-l1-1-0.dll
 0001:0000ac9e       __set_errno                1000bc9e f   ucrt:api-ms-win-crt-runtime-l1-1-0.dll
 0001:0000aca4       _exit                      1000bca4 f   ucrt:api-ms-win-crt-runtime-l1-1-0.dll
 0001:0000acaa       __initterm                 1000bcaa f   ucrt:api-ms-win-crt-runtime-l1-1-0.dll
 0001:0000acb0       __initterm_e               1000bcb0 f   ucrt:api-ms-win-crt-runtime-l1-1-0.dll
 0001:0000acb6       __seh_filter_dll           1000bcb6 f   ucrt:api-ms-win-crt-runtime-l1-1-0.dll
 0001:0000acbc       __configure_narrow_argv    1000bcbc f   ucrt:api-ms-win-crt-runtime-l1-1-0.dll
 0001:0000acc2       __initialize_narrow_environment 1000bcc2 f   ucrt:api-ms-win-crt-runtime-l1-1-0.dll
 0001:0000acc8       __initialize_onexit_table  1000bcc8 f   ucrt:api-ms-win-crt-runtime-l1-1-0.dll
 0001:0000acce       __register_onexit_function 1000bcce f   ucrt:api-ms-win-crt-runtime-l1-1-0.dll
 0001:0000acd4       __execute_onexit_table     1000bcd4 f   ucrt:api-ms-win-crt-runtime-l1-1-0.dll
 0001:0000acda       __crt_atexit               1000bcda f   ucrt:api-ms-win-crt-runtime-l1-1-0.dll
 0001:0000ace0       __crt_at_quick_exit        1000bce0 f   ucrt:api-ms-win-crt-runtime-l1-1-0.dll
 0001:0000ace6       __cexit                    1000bce6 f   ucrt:api-ms-win-crt-runtime-l1-1-0.dll
 0001:0000acec       _terminate                 1000bcec f   ucrt:api-ms-win-crt-runtime-l1-1-0.dll
 0001:0000acf2       _UnhandledExceptionFilter@4 1000bcf2 f   kernel32:KERNEL32.dll
 0001:0000acf8       _SetUnhandledExceptionFilter@4 1000bcf8 f   kernel32:KERNEL32.dll
 0001:0000acfe       _TerminateProcess@8        1000bcfe f   kernel32:KERNEL32.dll
 0001:0000ad04       _IsProcessorFeaturePresent@4 1000bd04 f   kernel32:KERNEL32.dll
 0001:0000ad0a       _QueryPerformanceCounter@4 1000bd0a f   kernel32:KERNEL32.dll
 0001:0000ad10       _InitializeSListHead@4     1000bd10 f   kernel32:KERNEL32.dll
 0001:0000ad16       _IsDebuggerPresent@0       1000bd16 f   kernel32:KERNEL32.dll
 0001:0000ad1c       _GetStartupInfoW@4         1000bd1c f   kernel32:KERNEL32.dll
 0001:0000ad22       _GetModuleHandleW@4        1000bd22 f   kernel32:KERNEL32.dll
 0001:0000ad28       __filter_x86_sse2_floating_point_exception_default 1000bd28 f   MSVCRT:x86_exception_filter.obj
 0001:0000ad28       __filter_x86_sse2_floating_point_exception 1000bd28 f   MSVCRT:x86_exception_filter.obj
 0001:0000ada0       ___acrt_thread_attach      1000bda0 f   MSVCRT:ucrt_stubs.obj
 0001:0000ada0       ___scrt_stub_for_acrt_thread_attach 1000bda0 f   MSVCRT:ucrt_stubs.obj
 0001:0000ada0       ___acrt_thread_detach      1000bda0 f   MSVCRT:ucrt_stubs.obj
 0001:0000ada0       ___scrt_stub_for_acrt_thread_detach 1000bda0 f   MSVCRT:ucrt_stubs.obj
 0001:0000ada0       ___acrt_uninitialize_critical 1000bda0 f   MSVCRT:ucrt_stubs.obj
 0001:0000ada0       ___vcrt_uninitialize       1000bda0 f   MSVCRT:ucrt_stubs.obj
 0001:0000ada0       ___scrt_stub_for_acrt_uninitialize_critical 1000bda0 f   MSVCRT:ucrt_stubs.obj
 0001:0000ada0       ___scrt_stub_for_acrt_initialize 1000bda0 f   MSVCRT:ucrt_stubs.obj
 0001:0000ada0       ___acrt_uninitialize       1000bda0 f   MSVCRT:ucrt_stubs.obj
 0001:0000ada0       ___vcrt_thread_detach      1000bda0 f   MSVCRT:ucrt_stubs.obj
 0001:0000ada0       ___vcrt_thread_attach      1000bda0 f   MSVCRT:ucrt_stubs.obj
 0001:0000ada0       ___vcrt_initialize         1000bda0 f   MSVCRT:ucrt_stubs.obj
 0001:0000ada0       ___scrt_stub_for_acrt_uninitialize 1000bda0 f   MSVCRT:ucrt_stubs.obj
 0001:0000ada0       ___vcrt_uninitialize_critical 1000bda0 f   MSVCRT:ucrt_stubs.obj
 0001:0000ada0       ___acrt_initialize         1000bda0 f   MSVCRT:ucrt_stubs.obj
 0001:0000ada3       @_RTC_AllocaHelper@12      1000bda3 f   MSVCRT:stack.obj
 0001:0000add5       @_RTC_CheckStackVars2@12   1000bdd5 f   MSVCRT:stack.obj
 0001:0000ae9c       @_RTC_CheckStackVars@8     1000be9c f   MSVCRT:stack.obj
 0001:0000aef2       __RTC_CheckEsp             1000bef2 f   MSVCRT:stack.obj
 0001:0000af20       __alldiv                   1000bf20 f   MSVCRT:lldiv.obj
 0001:0000afd0       __allmul                   1000bfd0 f   MSVCRT:llmul.obj
 0001:0000b010       __aulldiv                  1000c010 f   MSVCRT:ulldiv.obj
 0001:0000b0ea       ?_RTC_AllocaFailure@@YAXPAXPAU_RTC_ALLOCA_NODE@@H@Z 1000c0ea f   MSVCRT:error.obj
 0001:0000b1c3       ?_RTC_Failure@@YAXPAXH@Z   1000c1c3 f   MSVCRT:error.obj
 0001:0000b1ff       ?_RTC_StackFailure@@YAXPAXPBD@Z 1000c1ff f   MSVCRT:error.obj
 0001:0000b5d6       __RTC_UninitUse            1000c5d6 f   MSVCRT:error.obj
 0001:0000b675       __vsprintf_s_l             1000c675 f i MSVCRT:error.obj
 0001:0000b6a2       _sprintf_s                 1000c6a2 f i MSVCRT:error.obj
 0001:0000b6be       ?_RTC_GetErrorFunc@@YAP6AHHPBDH00ZZPBX@Z 1000c6be f   MSVCRT:userapi.obj
 0001:0000b6c4       ?_RTC_GetErrorFuncW@@YAP6AHHPB_WH00ZZPBX@Z 1000c6c4 f   MSVCRT:userapi.obj
 0001:0000b6ca       __RTC_GetErrDesc           1000c6ca f   MSVCRT:userapi.obj
 0001:0000b6e2       __RTC_NumErrors            1000c6e2 f   MSVCRT:userapi.obj
 0001:0000b6e6       __RTC_SetErrorFunc         1000c6e6 f   MSVCRT:userapi.obj
 0001:0000b700       __RTC_SetErrorFuncW        1000c700 f   MSVCRT:userapi.obj
 0001:0000b71a       __RTC_SetErrorType         1000c71a f   MSVCRT:userapi.obj
 0001:0000b945       ?_RTC_GetSrcLine@@YAHPAEPA_WKPAH1K@Z 1000c945 f   MSVCRT:pdblkup.obj
 0001:0000bc91       __except_handler4_noexcept 1000cc91 f   MSVCRT:chandler4_noexcept.obj
 0001:0000bcd7       _memcpy                    1000ccd7 f   vcruntime:VCRUNTIME140.dll
 0001:0000bcdd       ___vcrt_GetModuleFileNameW 1000ccdd f   vcruntime:VCRUNTIME140.dll
 0001:0000bce3       ___vcrt_LoadLibraryExW     1000cce3 f   vcruntime:VCRUNTIME140.dll
 0001:0000bce9       _strcpy_s                  1000cce9 f   ucrt:api-ms-win-crt-string-l1-1-0.dll
 0001:0000bcef       _strcat_s                  1000ccef f   ucrt:api-ms-win-crt-string-l1-1-0.dll
 0001:0000bcf5       ___stdio_common_vsprintf_s 1000ccf5 f   ucrt:api-ms-win-crt-stdio-l1-1-0.dll
 0001:0000bcfb       _MultiByteToWideChar@24    1000ccfb f   kernel32:KERNEL32.dll
 0001:0000bd01       _WideCharToMultiByte@32    1000cd01 f   kernel32:KERNEL32.dll
 0001:0000bd07       _HeapAlloc@12              1000cd07 f   kernel32:KERNEL32.dll
 0001:0000bd0d       _HeapFree@12               1000cd0d f   kernel32:KERNEL32.dll
 0001:0000bd13       _GetProcessHeap@0          1000cd13 f   kernel32:KERNEL32.dll
 0001:0000bd19       _VirtualQuery@12           1000cd19 f   kernel32:KERNEL32.dll
 0002:00000000       __imp__SetThreadAffinityMask@8 1000d000     kernel32:KERNEL32.dll
 0002:00000004       __imp__ResumeThread@4      1000d004     kernel32:KERNEL32.dll
 0002:00000008       __imp__WaitForSingleObject@8 1000d008     kernel32:KERNEL32.dll
 0002:0000000c       __imp__SuspendThread@4     1000d00c     kernel32:KERNEL32.dll
 0002:00000010       __imp__SetEvent@4          1000d010     kernel32:KERNEL32.dll
 0002:00000014       __imp__GetThreadContext@8  1000d014     kernel32:KERNEL32.dll
 0002:00000018       __imp__SetThreadContext@8  1000d018     kernel32:KERNEL32.dll
 0002:0000001c       __imp__Sleep@4             1000d01c     kernel32:KERNEL32.dll
 0002:00000020       __imp__SetLastError@4      1000d020     kernel32:KERNEL32.dll
 0002:00000024       __imp__GetLastError@0      1000d024     kernel32:KERNEL32.dll
 0002:00000028       __imp__TlsGetValue@4       1000d028     kernel32:KERNEL32.dll
 0002:0000002c       __imp__TlsAlloc@0          1000d02c     kernel32:KERNEL32.dll
 0002:00000030       __imp__TlsFree@4           1000d030     kernel32:KERNEL32.dll
 0002:00000034       __imp__TerminateThread@8   1000d034     kernel32:KERNEL32.dll
 0002:00000038       __imp__CloseHandle@4       1000d038     kernel32:KERNEL32.dll
 0002:0000003c       __imp__CreateEventW@16     1000d03c     kernel32:KERNEL32.dll
 0002:00000040       __imp__GetCurrentProcess@0 1000d040     kernel32:KERNEL32.dll
 0002:00000044       __imp__GetProcessAffinityMask@12 1000d044     kernel32:KERNEL32.dll
 0002:00000048       __imp__GetCurrentThreadId@0 1000d048     kernel32:KERNEL32.dll
 0002:0000004c       __imp__DuplicateHandle@28  1000d04c     kernel32:KERNEL32.dll
 0002:00000050       __imp__GetCurrentThread@0  1000d050     kernel32:KERNEL32.dll
 0002:00000054       __imp__GetThreadPriority@4 1000d054     kernel32:KERNEL32.dll
 0002:00000058       __imp__ResetEvent@4        1000d058     kernel32:KERNEL32.dll
 0002:0000005c       __imp__RaiseException@16   1000d05c     kernel32:KERNEL32.dll
 0002:00000060       __imp__SetThreadPriority@8 1000d060     kernel32:KERNEL32.dll
 0002:00000064       __imp__TlsSetValue@8       1000d064     kernel32:KERNEL32.dll
 0002:00000068       __imp__GetSystemDirectoryW@8 1000d068     kernel32:KERNEL32.dll
 0002:0000006c       __imp__LoadLibraryW@4      1000d06c     kernel32:KERNEL32.dll
 0002:00000070       __imp__GetProcAddress@8    1000d070     kernel32:KERNEL32.dll
 0002:00000074       __imp__FreeLibrary@4       1000d074     kernel32:KERNEL32.dll
 0002:00000078       __imp__GetSystemTimeAsFileTime@4 1000d078     kernel32:KERNEL32.dll
 0002:0000007c       __imp__OpenProcess@12      1000d07c     kernel32:KERNEL32.dll
 0002:00000080       __imp__GetCurrentProcessId@0 1000d080     kernel32:KERNEL32.dll
 0002:00000084       __imp__SetProcessAffinityMask@8 1000d084     kernel32:KERNEL32.dll
 0002:00000088       __imp__CreateSemaphoreW@16 1000d088     kernel32:KERNEL32.dll
 0002:0000008c       __imp__ReleaseSemaphore@12 1000d08c     kernel32:KERNEL32.dll
 0002:00000090       __imp__WaitForMultipleObjects@16 1000d090     kernel32:KERNEL32.dll
 0002:00000094       __imp__GetProcessHeap@0    1000d094     kernel32:KERNEL32.dll
 0002:00000098       __imp__HeapFree@12         1000d098     kernel32:KERNEL32.dll
 0002:0000009c       __imp__HeapAlloc@12        1000d09c     kernel32:KERNEL32.dll
 0002:000000a0       __imp__WideCharToMultiByte@32 1000d0a0     kernel32:KERNEL32.dll
 0002:000000a4       __imp__MultiByteToWideChar@24 1000d0a4     kernel32:KERNEL32.dll
 0002:000000a8       __imp__GetModuleHandleW@4  1000d0a8     kernel32:KERNEL32.dll
 0002:000000ac       __imp__GetStartupInfoW@4   1000d0ac     kernel32:KERNEL32.dll
 0002:000000b0       __imp__IsDebuggerPresent@0 1000d0b0     kernel32:KERNEL32.dll
 0002:000000b4       __imp__VirtualQuery@12     1000d0b4     kernel32:KERNEL32.dll
 0002:000000b8       __imp__InitializeSListHead@4 1000d0b8     kernel32:KERNEL32.dll
 0002:000000bc       __imp__QueryPerformanceCounter@4 1000d0bc     kernel32:KERNEL32.dll
 0002:000000c0       __imp__IsProcessorFeaturePresent@4 1000d0c0     kernel32:KERNEL32.dll
 0002:000000c4       __imp__TerminateProcess@8  1000d0c4     kernel32:KERNEL32.dll
 0002:000000c8       __imp__SetUnhandledExceptionFilter@4 1000d0c8     kernel32:KERNEL32.dll
 0002:000000cc       __imp__UnhandledExceptionFilter@4 1000d0cc     kernel32:KERNEL32.dll
 0002:000000d0       \177KERNEL32_NULL_THUNK_DATA 1000d0d0     kernel32:KERNEL32.dll
 0002:000000d4       __imp____current_exception 1000d0d4     vcruntime:VCRUNTIME140.dll
 0002:000000d8       __imp____vcrt_LoadLibraryExW 1000d0d8     vcruntime:VCRUNTIME140.dll
 0002:000000dc       __imp____vcrt_GetModuleFileNameW 1000d0dc     vcruntime:VCRUNTIME140.dll
 0002:000000e0       __imp__memcpy              1000d0e0     vcruntime:VCRUNTIME140.dll
 0002:000000e4       __imp__memset              1000d0e4     vcruntime:VCRUNTIME140.dll
 0002:000000e8       __imp____std_type_info_destroy_list 1000d0e8     vcruntime:VCRUNTIME140.dll
 0002:000000ec       __imp____current_exception_context 1000d0ec     vcruntime:VCRUNTIME140.dll
 0002:000000f0       __imp___except_handler4_common 1000d0f0     vcruntime:VCRUNTIME140.dll
 0002:000000f4       \177VCRUNTIME140_NULL_THUNK_DATA 1000d0f4     vcruntime:VCRUNTIME140.dll
 0002:000000f8       __imp__malloc              1000d0f8     ucrt:api-ms-win-crt-heap-l1-1-0.dll
 0002:000000fc       __imp__calloc              1000d0fc     ucrt:api-ms-win-crt-heap-l1-1-0.dll
 0002:00000100       __imp__free                1000d100     ucrt:api-ms-win-crt-heap-l1-1-0.dll
 0002:00000104       \177api-ms-win-crt-heap-l1-1-0_NULL_THUNK_DATA 1000d104     ucrt:api-ms-win-crt-heap-l1-1-0.dll
 0002:00000108       __imp___execute_onexit_table 1000d108     ucrt:api-ms-win-crt-runtime-l1-1-0.dll
 0002:0000010c       __imp___register_onexit_function 1000d10c     ucrt:api-ms-win-crt-runtime-l1-1-0.dll
 0002:00000110       __imp__terminate           1000d110     ucrt:api-ms-win-crt-runtime-l1-1-0.dll
 0002:00000114       __imp___initialize_onexit_table 1000d114     ucrt:api-ms-win-crt-runtime-l1-1-0.dll
 0002:00000118       __imp___endthreadex        1000d118     ucrt:api-ms-win-crt-runtime-l1-1-0.dll
 0002:0000011c       __imp___get_errno          1000d11c     ucrt:api-ms-win-crt-runtime-l1-1-0.dll
 0002:00000120       __imp___cexit              1000d120     ucrt:api-ms-win-crt-runtime-l1-1-0.dll
 0002:00000124       __imp___crt_at_quick_exit  1000d124     ucrt:api-ms-win-crt-runtime-l1-1-0.dll
 0002:00000128       __imp___beginthreadex      1000d128     ucrt:api-ms-win-crt-runtime-l1-1-0.dll
 0002:0000012c       __imp___set_errno          1000d12c     ucrt:api-ms-win-crt-runtime-l1-1-0.dll
 0002:00000130       __imp___initialize_narrow_environment 1000d130     ucrt:api-ms-win-crt-runtime-l1-1-0.dll
 0002:00000134       __imp___configure_narrow_argv 1000d134     ucrt:api-ms-win-crt-runtime-l1-1-0.dll
 0002:00000138       __imp___seh_filter_dll     1000d138     ucrt:api-ms-win-crt-runtime-l1-1-0.dll
 0002:0000013c       __imp___initterm_e         1000d13c     ucrt:api-ms-win-crt-runtime-l1-1-0.dll
 0002:00000140       __imp___initterm           1000d140     ucrt:api-ms-win-crt-runtime-l1-1-0.dll
 0002:00000144       __imp___crt_atexit         1000d144     ucrt:api-ms-win-crt-runtime-l1-1-0.dll
 0002:00000148       __imp__exit                1000d148     ucrt:api-ms-win-crt-runtime-l1-1-0.dll
 0002:0000014c       \177api-ms-win-crt-runtime-l1-1-0_NULL_THUNK_DATA 1000d14c     ucrt:api-ms-win-crt-runtime-l1-1-0.dll
 0002:00000150       __imp____stdio_common_vsprintf_s 1000d150     ucrt:api-ms-win-crt-stdio-l1-1-0.dll
 0002:00000154       \177api-ms-win-crt-stdio-l1-1-0_NULL_THUNK_DATA 1000d154     ucrt:api-ms-win-crt-stdio-l1-1-0.dll
 0002:00000158       __imp__wcsncat_s           1000d158     ucrt:api-ms-win-crt-string-l1-1-0.dll
 0002:0000015c       __imp__strcpy_s            1000d15c     ucrt:api-ms-win-crt-string-l1-1-0.dll
 0002:00000160       __imp__strcat_s            1000d160     ucrt:api-ms-win-crt-string-l1-1-0.dll
 0002:00000164       \177api-ms-win-crt-string-l1-1-0_NULL_THUNK_DATA 1000d164     ucrt:api-ms-win-crt-string-l1-1-0.dll
 0002:00000168       ___guard_check_icall_fptr  1000d168     MSVCRT:guard_support.obj
 0002:0000016c       ___guard_xfg_check_icall_fptr 1000d16c     MSVCRT:guard_support.obj
 0002:00000170       ___xc_a                    1000d170     MSVCRT:initializers.obj
 0002:00000174       ___xc_z                    1000d174     MSVCRT:initializers.obj
 0002:00000178       ___xi_a                    1000d178     MSVCRT:initializers.obj
 0002:0000017c       ___xi_z                    1000d17c     MSVCRT:initializers.obj
 0002:00000180       ___xp_a                    1000d180     MSVCRT:initializers.obj
 0002:00000184       ___xp_z                    1000d184     MSVCRT:initializers.obj
 0002:00000188       ___xt_a                    1000d188     MSVCRT:initializers.obj
 0002:0000018c       ___xt_z                    1000d18c     MSVCRT:initializers.obj
 0002:00000190       __pRawDllMain              1000d190     MSVCRT:dll_dllmain.obj
 0002:00000190       __pDefaultRawDllMain       1000d190     MSVCRT:dll_dllmain.obj
 0002:0000019c       ??_C@_1BK@HAOLGFOM@?$AA?2?$AAQ?$AAU?$AAS?$AAE?$AAR?$AAE?$AAX?$AA?4?$AAD?$AAL?$AAL@ 1000d19c     pthread_win32_attach_detach_np.obj
 0002:000001b8       ??_C@_0P@GONKDLPM@QueueUserAPCEx@ 1000d1b8     pthread_win32_attach_detach_np.obj
 0002:000001c8       ??_C@_0BE@KOBJHIEE@QueueUserAPCEx_Init@ 1000d1c8     pthread_win32_attach_detach_np.obj
 0002:000001dc       ??_C@_0BE@ELLNKNLF@QueueUserAPCEx_Fini@ 1000d1dc     pthread_win32_attach_detach_np.obj
 0002:000002a8       ??_C@_0NN@JMPELKLB@The?5value?5of?5ESP?5was?5not?5proper@ 1000d2a8     MSVCRT:error.obj
 0002:00000388       ??_C@_0BBN@ELNNILBE@A?5cast?5to?5a?5smaller?5data?5type?5h@ 1000d388     MSVCRT:error.obj
 0002:000004a8       ??_C@_0BN@BPOGFMJL@Stack?5memory?5was?5corrupted?$AN?6@ 1000d4a8     MSVCRT:error.obj
 0002:000004c8       ??_C@_0DG@DAJCDLPN@A?5local?5variable?5was?5used?5befor@ 1000d4c8     MSVCRT:error.obj
 0002:00000500       ??_C@_0CM@JMIDGKLA@Stack?5memory?5around?5_alloca?5was@ 1000d500     MSVCRT:error.obj
 0002:0000052c       ??_C@_0BO@CHIONIOI@Unknown?5Runtime?5Check?5Error?$AN?6@ 1000d52c     MSVCRT:error.obj
 0002:00000550       ??_C@_1GM@CNOOJIHC@?$AAR?$AAu?$AAn?$AAt?$AAi?$AAm?$AAe?$AA?5?$AAC?$AAh?$AAe?$AAc?$AAk?$AA?5?$AAE@ 1000d550     MSVCRT:error.obj
 0002:000005c0       ??_C@_1EA@NFKNIFJP@?$AAR?$AAu?$AAn?$AA?9?$AAT?$AAi?$AAm?$AAe?$AA?5?$AAC?$AAh?$AAe?$AAc?$AAk?$AA?5@ 1000d5c0     MSVCRT:error.obj
 0002:00000600       ??_C@_0BB@PFFGGCJP@Unknown?5Filename@ 1000d600     MSVCRT:error.obj
 0002:00000614       ??_C@_0BE@GNBOBNCK@Unknown?5Module?5Name@ 1000d614     MSVCRT:error.obj
 0002:00000628       ??_C@_0CA@IODNCDPG@Run?9Time?5Check?5Failure?5?$CD?$CFd?5?9?5?$CFs@ 1000d628     MSVCRT:error.obj
 0002:00000648       ??_C@_0CG@IAFNJNEE@Stack?5corrupted?5near?5unknown?5va@ 1000d648     MSVCRT:error.obj
 0002:00000670       ??_C@_05MKKEDADM@?$CF?42X?5@ 1000d670     MSVCRT:error.obj
 0002:00000678       ??_C@_0EJ@LJKNEOLN@Stack?5area?5around?5_alloca?5memor@ 1000d678     MSVCRT:error.obj
 0002:000006c4       ??_C@_01EEMJAFIK@?6@       1000d6c4     MSVCRT:error.obj
 0002:000006c8       ??_C@_02LLMPMKNF@?$DO?5@   1000d6c8     MSVCRT:error.obj
 0002:000006cc       ??_C@_08OMAHNMHJ@?6Data?3?5?$DM@ 1000d6cc     MSVCRT:error.obj
 0002:000006d8       ??_C@_0CK@DKGBICFE@?6Allocation?5number?5within?5this?5@ 1000d6d8     MSVCRT:error.obj
 0002:00000704       ??_C@_07DFDJCKFN@?6Size?3?5@ 1000d704     MSVCRT:error.obj
 0002:0000070c       ??_C@_0N@MHFFIMFG@?6Address?3?50x@ 1000d70c     MSVCRT:error.obj
 0002:00000720       ??_C@_0EI@CLEPFNGI@Stack?5area?5around?5_alloca?5memor@ 1000d720     MSVCRT:error.obj
 0002:00000768       ??_C@_0BK@ODNDAGKB@?$CFs?$CFs?$CFp?$CFs?$CFzd?$CFs?$CFd?$CFs?$CFs?$CFs?$CFs?$CFs@ 1000d768     MSVCRT:error.obj
 0002:00000784       ??_C@_0DE@OHJBPMBP@A?5variable?5is?5being?5used?5withou@ 1000d784     MSVCRT:error.obj
 0002:000007cc       ??_C@_0BJ@HEGAHDFO@Stack?5pointer?5corruption@ 1000d7cc     MSVCRT:userapi.obj
 0002:000007e8       ??_C@_0CK@FEGOIOPB@Cast?5to?5smaller?5type?5causing?5lo@ 1000d7e8     MSVCRT:userapi.obj
 0002:00000814       ??_C@_0BI@CIGMDCBH@Stack?5memory?5corruption@ 1000d814     MSVCRT:userapi.obj
 0002:0000082c       ??_C@_0CK@CNLNOEPB@Local?5variable?5used?5before?5init@ 1000d82c     MSVCRT:userapi.obj
 0002:00000858       ??_C@_0BP@OGBCLIBO@Stack?5around?5_alloca?5corrupted@ 1000d858     MSVCRT:userapi.obj
 0002:000008a0       ??_C@_1EI@MLPKHBGE@?$AAa?$AAp?$AAi?$AA?9?$AAm?$AAs?$AA?9?$AAw?$AAi?$AAn?$AA?9?$AAc?$AAo?$AAr?$AAe@ 1000d8a0     MSVCRT:pdblkup.obj
 0002:000008e8       ??_C@_1BK@JHLNAEJL@?$AAa?$AAd?$AAv?$AAa?$AAp?$AAi?$AA3?$AA2?$AA?4?$AAd?$AAl?$AAl@ 1000d8e8     MSVCRT:pdblkup.obj
 0002:00000904       ??_C@_0O@COHOBMLB@RegOpenKeyExW@ 1000d904     MSVCRT:pdblkup.obj
 0002:00000914       ??_C@_0BB@GLNAEDBD@RegQueryValueExW@ 1000d914     MSVCRT:pdblkup.obj
 0002:00000928       ??_C@_0M@HLOHPNFA@RegCloseKey@ 1000d928     MSVCRT:pdblkup.obj
 0002:00000938       ??_C@_1HE@EBEAGLFB@?$AAS?$AAO?$AAF?$AAT?$AAW?$AAA?$AAR?$AAE?$AA?2?$AAW?$AAo?$AAw?$AA6?$AA4?$AA3@ 1000d938     MSVCRT:pdblkup.obj
 0002:000009ac       ??_C@_1BG@EABPBLLF@?$AAP?$AAr?$AAo?$AAd?$AAu?$AAc?$AAt?$AAD?$AAi?$AAr@ 1000d9ac     MSVCRT:pdblkup.obj
 0002:000009c4       ??_C@_0BB@KCIACLNC@PDBOpenValidate5@ 1000d9c4     MSVCRT:pdblkup.obj
 0002:000009d8       ??_C@_01KDCPPGHE@r@        1000d9d8     MSVCRT:pdblkup.obj
 0002:00000a18       __load_config_used         1000da18     MSVCRT:loadcfg.obj
 0002:00000b00       ___CastGuardVftablesStart  1000db00     MSVCRT:guard_support.obj
 0002:00000b04       ___CastGuardVftablesEnd    1000db04     MSVCRT:guard_support.obj
 0002:00000b08       ___safe_se_handler_table   1000db08     <linker-defined>
 0002:00000b10       ___volatile_metadata       1000db10     <linker-defined>
 0002:00000ecc       ___rtc_iaa                 1000decc     MSVCRT:initsect.obj
 0002:00000ed0       ___rtc_izz                 1000ded0     MSVCRT:initsect.obj
 0002:00000ed4       ___rtc_taa                 1000ded4     MSVCRT:initsect.obj
 0002:00000ed8       ___rtc_tzz                 1000ded8     MSVCRT:initsect.obj
 0002:000022b0       __IMPORT_DESCRIPTOR_KERNEL32 1000f2b0     kernel32:KERNEL32.dll
 0002:000022c4       __IMPORT_DESCRIPTOR_VCRUNTIME140 1000f2c4     vcruntime:VCRUNTIME140.dll
 0002:000022d8       __IMPORT_DESCRIPTOR_api-ms-win-crt-runtime-l1-1-0 1000f2d8     ucrt:api-ms-win-crt-runtime-l1-1-0.dll
 0002:000022ec       __IMPORT_DESCRIPTOR_api-ms-win-crt-heap-l1-1-0 1000f2ec     ucrt:api-ms-win-crt-heap-l1-1-0.dll
 0002:00002300       __IMPORT_DESCRIPTOR_api-ms-win-crt-string-l1-1-0 1000f300     ucrt:api-ms-win-crt-string-l1-1-0.dll
 0002:00002314       __IMPORT_DESCRIPTOR_api-ms-win-crt-stdio-l1-1-0 1000f314     ucrt:api-ms-win-crt-stdio-l1-1-0.dll
 0002:00002328       __NULL_IMPORT_DESCRIPTOR   1000f328     kernel32:KERNEL32.dll
 0003:00000000       ___security_cookie_complement 10010000     MSVCRT:gs_cookie.obj
 0003:00000004       ___security_cookie         10010004     MSVCRT:gs_cookie.obj
 0003:00000008       ___scrt_native_dllmain_reason 10010008     MSVCRT:utility.obj
 0003:00000010       ___isa_enabled             10010010     MSVCRT:cpu_disp.obj
 0003:00000014       ___scrt_ucrt_dll_is_in_use 10010014     MSVCRT:ucrt_stubs.obj
 0003:00000018       _ptw32_threadReuseBottom   10010018     global.obj
 0003:0000001c       _ptw32_threadReuseTop      1001001c     global.obj
 0003:00000040       ?_RTC_ErrorLevels@@3PAHA   10010040     MSVCRT:error.obj
 0003:00000380       ?__type_info_root_node@@3U__type_info_node@@A 10010380     MSVCRT:tncleanup.obj
 0003:00000388       ?_OptionsStorage@?1??__local_stdio_printf_options@@9@4_KA 10010388     MSVCRT:default_local_stdio_options.obj
 0003:00000390       ?_OptionsStorage@?1??__local_stdio_scanf_options@@9@4_KA 10010390     MSVCRT:default_local_stdio_options.obj
 0003:00000398       ___scrt_current_native_startup_state 10010398     MSVCRT:utility.obj
 0003:0000039c       ___scrt_native_startup_lock 1001039c     MSVCRT:utility.obj
 0003:000003bc       ___scrt_debugger_hook_flag 100103bc     MSVCRT:utility_desktop.obj
 0003:000003c0       ___castguard_check_failure_os_handled_fptr 100103c0     MSVCRT:guard_support.obj
 0003:000003c4       ___isa_available           100103c4     MSVCRT:cpu_disp.obj
 0003:000003c8       ___favor                   100103c8     MSVCRT:cpu_disp.obj
 0003:000003d0       _ptw32_processInitialized  100103d0     global.obj
 0003:000003d4       _ptw32_cleanupKey          100103d4     global.obj
 0003:000003d8       _ptw32_features            100103d8     global.obj
 0003:000003dc       _ptw32_cond_list_lock      100103dc     global.obj
 0003:000003e0       _ptw32_threadSeqNumber     100103e0     global.obj
 0003:000003e8       _ptw32_thread_reuse_lock   100103e8     global.obj
 0003:000003ec       _ptw32_mutex_test_init_lock 100103ec     global.obj
 0003:000003f0       _ptw32_concurrency         100103f0     global.obj
 0003:000003f4       _ptw32_selfThreadKey       100103f4     global.obj
 0003:000003f8       _ptw32_rwlock_test_init_lock 100103f8     global.obj
 0003:000003fc       _ptw32_cond_list_tail      100103fc     global.obj
 0003:00000400       _ptw32_cond_list_head      10010400     global.obj
 0003:00000404       _ptw32_cond_test_init_lock 10010404     global.obj
 0003:00000408       _ptw32_register_cancellation 10010408     global.obj
 0003:0000040c       _ptw32_spinlock_test_init_lock 1001040c     global.obj
 0003:00000424       ___dyn_tls_init_callback   10010424     <common>
 0003:00000428       ?_OptionsStorage@?1??__local_stdio_printf_options@@9@9 10010428     <common>
 0003:00000430       ?_OptionsStorage@?1??__local_stdio_scanf_options@@9@9 10010430     <common>

 entry point at        0001:00009ea0

 Static symbols

 0000:fffed000       .debug$S                   10000000     pthread.exp
 0002:ffff3000       __guard_fids___except_handler4 10000000     MSVCRT:chandler4gs.obj
 0002:ffff3000       __guard_fids_?dllmain_dispatch@@YAHQAUHINSTANCE__@@KQAX@Z 10000000     MSVCRT:dll_dllmain.obj
 0002:ffff3000       __guard_fids__             10000000     MSVCRT:guard_support.obj
 0002:ffff3000       __guard_fids__             10000000     MSVCRT:guard_support.obj
 0002:ffff3000       __guard_fids___guard_icall_checks_enforced 10000000     MSVCRT:guard_support.obj
 0002:ffff3000       __guard_fids____scrt_set_unhandled_exception_filter 10000000     MSVCRT:utility_desktop.obj
 0000:fffed000       .debug$S                   10000000     vcruntime:VCRUNTIME140.dll
 0000:fffed000       .debug$S                   10000000     vcruntime:VCRUNTIME140.dll
 0000:fffed000       .debug$S                   10000000     vcruntime:VCRUNTIME140.dll
 0000:fffed000       .debug$S                   10000000     vcruntime:VCRUNTIME140.dll
 0000:fffed000       .debug$S                   10000000     vcruntime:VCRUNTIME140.dll
 0000:fffed000       .debug$S                   10000000     vcruntime:VCRUNTIME140.dll
 0000:fffed000       .debug$S                   10000000     vcruntime:VCRUNTIME140.dll
 0000:fffed000       .debug$S                   10000000     vcruntime:VCRUNTIME140.dll
 0000:fffed000       .debug$S                   10000000     ucrt:api-ms-win-crt-heap-l1-1-0.dll
 0000:fffed000       .debug$S                   10000000     ucrt:api-ms-win-crt-heap-l1-1-0.dll
 0000:fffed000       .debug$S                   10000000     ucrt:api-ms-win-crt-heap-l1-1-0.dll
 0000:fffed000       .debug$S                   10000000     ucrt:api-ms-win-crt-runtime-l1-1-0.dll
 0000:fffed000       .debug$S                   10000000     ucrt:api-ms-win-crt-runtime-l1-1-0.dll
 0000:fffed000       .debug$S                   10000000     ucrt:api-ms-win-crt-runtime-l1-1-0.dll
 0000:fffed000       .debug$S                   10000000     ucrt:api-ms-win-crt-runtime-l1-1-0.dll
 0000:fffed000       .debug$S                   10000000     ucrt:api-ms-win-crt-runtime-l1-1-0.dll
 0000:fffed000       .debug$S                   10000000     ucrt:api-ms-win-crt-runtime-l1-1-0.dll
 0000:fffed000       .debug$S                   10000000     ucrt:api-ms-win-crt-runtime-l1-1-0.dll
 0000:fffed000       .debug$S                   10000000     ucrt:api-ms-win-crt-runtime-l1-1-0.dll
 0000:fffed000       .debug$S                   10000000     ucrt:api-ms-win-crt-runtime-l1-1-0.dll
 0000:fffed000       .debug$S                   10000000     ucrt:api-ms-win-crt-runtime-l1-1-0.dll
 0000:fffed000       .debug$S                   10000000     ucrt:api-ms-win-crt-runtime-l1-1-0.dll
 0000:fffed000       .debug$S                   10000000     ucrt:api-ms-win-crt-runtime-l1-1-0.dll
 0000:fffed000       .debug$S                   10000000     ucrt:api-ms-win-crt-runtime-l1-1-0.dll
 0000:fffed000       .debug$S                   10000000     ucrt:api-ms-win-crt-runtime-l1-1-0.dll
 0000:fffed000       .debug$S                   10000000     ucrt:api-ms-win-crt-runtime-l1-1-0.dll
 0000:fffed000       .debug$S                   10000000     ucrt:api-ms-win-crt-runtime-l1-1-0.dll
 0000:fffed000       .debug$S                   10000000     ucrt:api-ms-win-crt-runtime-l1-1-0.dll
 0000:fffed000       .debug$S                   10000000     ucrt:api-ms-win-crt-stdio-l1-1-0.dll
 0000:fffed000       .debug$S                   10000000     ucrt:api-ms-win-crt-string-l1-1-0.dll
 0000:fffed000       .debug$S                   10000000     ucrt:api-ms-win-crt-string-l1-1-0.dll
 0000:fffed000       .debug$S                   10000000     ucrt:api-ms-win-crt-string-l1-1-0.dll
 0000:fffed000       .debug$S                   10000000     kernel32:KERNEL32.dll
 0000:fffed000       .debug$S                   10000000     kernel32:KERNEL32.dll
 0000:fffed000       .debug$S                   10000000     kernel32:KERNEL32.dll
 0000:fffed000       .debug$S                   10000000     kernel32:KERNEL32.dll
 0000:fffed000       .debug$S                   10000000     kernel32:KERNEL32.dll
 0000:fffed000       .debug$S                   10000000     kernel32:KERNEL32.dll
 0000:fffed000       .debug$S                   10000000     kernel32:KERNEL32.dll
 0000:fffed000       .debug$S                   10000000     kernel32:KERNEL32.dll
 0000:fffed000       .debug$S                   10000000     kernel32:KERNEL32.dll
 0000:fffed000       .debug$S                   10000000     kernel32:KERNEL32.dll
 0000:fffed000       .debug$S                   10000000     kernel32:KERNEL32.dll
 0000:fffed000       .debug$S                   10000000     kernel32:KERNEL32.dll
 0000:fffed000       .debug$S                   10000000     kernel32:KERNEL32.dll
 0000:fffed000       .debug$S                   10000000     kernel32:KERNEL32.dll
 0000:fffed000       .debug$S                   10000000     kernel32:KERNEL32.dll
 0000:fffed000       .debug$S                   10000000     kernel32:KERNEL32.dll
 0000:fffed000       .debug$S                   10000000     kernel32:KERNEL32.dll
 0000:fffed000       .debug$S                   10000000     kernel32:KERNEL32.dll
 0000:fffed000       .debug$S                   10000000     kernel32:KERNEL32.dll
 0000:fffed000       .debug$S                   10000000     kernel32:KERNEL32.dll
 0000:fffed000       .debug$S                   10000000     kernel32:KERNEL32.dll
 0000:fffed000       .debug$S                   10000000     kernel32:KERNEL32.dll
 0000:fffed000       .debug$S                   10000000     kernel32:KERNEL32.dll
 0000:fffed000       .debug$S                   10000000     kernel32:KERNEL32.dll
 0000:fffed000       .debug$S                   10000000     kernel32:KERNEL32.dll
 0000:fffed000       .debug$S                   10000000     kernel32:KERNEL32.dll
 0000:fffed000       .debug$S                   10000000     kernel32:KERNEL32.dll
 0000:fffed000       .debug$S                   10000000     kernel32:KERNEL32.dll
 0000:fffed000       .debug$S                   10000000     kernel32:KERNEL32.dll
 0000:fffed000       .debug$S                   10000000     kernel32:KERNEL32.dll
 0000:fffed000       .debug$S                   10000000     kernel32:KERNEL32.dll
 0000:fffed000       .debug$S                   10000000     kernel32:KERNEL32.dll
 0000:fffed000       .debug$S                   10000000     kernel32:KERNEL32.dll
 0000:fffed000       .debug$S                   10000000     kernel32:KERNEL32.dll
 0000:fffed000       .debug$S                   10000000     kernel32:KERNEL32.dll
 0000:fffed000       .debug$S                   10000000     kernel32:KERNEL32.dll
 0000:fffed000       .debug$S                   10000000     kernel32:KERNEL32.dll
 0000:fffed000       .debug$S                   10000000     kernel32:KERNEL32.dll
 0000:fffed000       .debug$S                   10000000     kernel32:KERNEL32.dll
 0000:fffed000       .debug$S                   10000000     kernel32:KERNEL32.dll
 0000:fffed000       .debug$S                   10000000     kernel32:KERNEL32.dll
 0000:fffed000       .debug$S                   10000000     kernel32:KERNEL32.dll
 0000:fffed000       .debug$S                   10000000     kernel32:KERNEL32.dll
 0000:fffed000       .debug$S                   10000000     kernel32:KERNEL32.dll
 0000:fffed000       .debug$S                   10000000     kernel32:KERNEL32.dll
 0000:fffed000       .debug$S                   10000000     kernel32:KERNEL32.dll
 0000:fffed000       .debug$S                   10000000     kernel32:KERNEL32.dll
 0000:fffed000       .debug$S                   10000000     kernel32:KERNEL32.dll
 0000:fffed000       .debug$S                   10000000     kernel32:KERNEL32.dll
 0000:fffed000       .debug$S                   10000000     kernel32:KERNEL32.dll
 0000:fffed000       .debug$S                   10000000     kernel32:KERNEL32.dll
 0000:fffed000       .debug$S                   10000000     kernel32:KERNEL32.dll
 0000:fffef004       _volmd                     10000004     create.obj
 0000:fffef024       _volmd                     10000024     pthread_cancel.obj
 0000:fffef026       _volmd                     10000026     pthread_cancel.obj
 0000:fffef03a       _volmd                     1000003a     pthread_delay_np.obj
 0000:fffef03c       _volmd                     1000003c     pthread_detach.obj
 0000:fffef04a       _volmd                     1000004a     pthread_kill.obj
 0000:fffef074       _volmd                     10000074     pthread_self.obj
 0000:fffef079       _volmd                     10000079     pthread_setcancelstate.obj
 0000:fffef07b       _volmd                     1000007b     pthread_setcanceltype.obj
 0000:fffef089       _volmd                     10000089     pthread_testcancel.obj
 0000:fffef08e       _volmd                     1000008e     pthread_win32_attach_detach_np.obj
 0000:fffef092       _volmd                     10000092     pthread_win32_attach_detach_np.obj
 0000:fffef0a5       _volmd                     100000a5     ptw32_relmillisecs.obj
 0000:fffef0a7       _volmd                     100000a7     ptw32_relmillisecs.obj
 0000:fffef0aa       _volmd                     100000aa     ptw32_reuse.obj
 0000:fffef0b5       _volmd                     100000b5     ptw32_threadStart.obj
 0000:fffef0b7       _volmd                     100000b7     ptw32_throw.obj
 0000:fffef0ee       _volmd                     100000ee     w32_CancelableWait.obj
 0001:000003b4       $LN27                      100013b4     create.obj
 0001:000003bc       $LN26                      100013bc     create.obj
 0001:000003e0       $LN25                      100013e0     create.obj
 0001:000003ec       $LN24                      100013ec     create.obj
 0001:000003f1       $LN23                      100013f1     create.obj
 0001:00000470       $LN9                       10001470     dll.obj
 0001:0000077c       $LN7                       1000177c     pthread_attr_init.obj
 0001:00000784       $LN6                       10001784     pthread_attr_init.obj
 0001:00000790       $LN5                       10001790     pthread_attr_init.obj
 0001:00000cb4       $LN13                      10001cb4     pthread_barrier_destroy.obj
 0001:00000cbc       $LN12                      10001cbc     pthread_barrier_destroy.obj
 0001:00000cc8       $LN11                      10001cc8     pthread_barrier_destroy.obj
 0001:00000ee0       $LN13                      10001ee0     pthread_barrier_wait.obj
 0001:00000ee8       $LN12                      10001ee8     pthread_barrier_wait.obj
 0001:00000ef4       $LN11                      10001ef4     pthread_barrier_wait.obj
 0001:00000f00       _ptw32_cancel_self         10001f00 f   pthread_cancel.obj
 0001:00000f20       _ptw32_cancel_callback@4   10001f20 f   pthread_cancel.obj
 0001:00000fe0       $LN5                       10001fe0     pthread_cancel.obj
 0001:00000fe8       $LN4                       10001fe8     pthread_cancel.obj
 0001:00000ff4       $LN3                       10001ff4     pthread_cancel.obj
 0001:000011e8       $LN17                      100021e8     pthread_cancel.obj
 0001:000011f0       $LN16                      100021f0     pthread_cancel.obj
 0001:00001208       $LN15                      10002208     pthread_cancel.obj
 0001:00001212       $LN14                      10002212     pthread_cancel.obj
 0001:000012f0       _ptw32_get_errno           100022f0 f   pthread_cond_destroy.obj
 0001:000012f0       _ptw32_get_errno           100022f0 f   pthread_cond_init.obj
 0001:000012f0       _ptw32_get_errno           100022f0 f   pthread_cond_signal.obj
 0001:000012f0       _ptw32_get_errno           100022f0 f   pthread_cond_wait.obj
 0001:000012f0       _ptw32_get_errno           100022f0 f   pthread_setaffinity.obj
 0001:0000134c       $LN5                       1000234c     pthread_cond_destroy.obj
 0001:0000134c       $LN5                       1000234c     pthread_cond_init.obj
 0001:0000134c       $LN5                       1000234c     pthread_cond_signal.obj
 0001:0000134c       $LN5                       1000234c     pthread_cond_wait.obj
 0001:0000134c       $LN5                       1000234c     pthread_setaffinity.obj
 0001:00001354       $LN4                       10002354     pthread_cond_destroy.obj
 0001:00001354       $LN4                       10002354     pthread_cond_init.obj
 0001:00001354       $LN4                       10002354     pthread_cond_signal.obj
 0001:00001354       $LN4                       10002354     pthread_cond_wait.obj
 0001:00001354       $LN4                       10002354     pthread_setaffinity.obj
 0001:00001360       $LN3                       10002360     pthread_cond_destroy.obj
 0001:00001360       $LN3                       10002360     pthread_cond_init.obj
 0001:00001360       $LN3                       10002360     pthread_cond_signal.obj
 0001:00001360       $LN3                       10002360     pthread_cond_wait.obj
 0001:00001360       $LN3                       10002360     pthread_setaffinity.obj
 0001:000015dc       $LN30                      100025dc     pthread_cond_destroy.obj
 0001:000015e4       $LN29                      100025e4     pthread_cond_destroy.obj
 0001:000015fc       $LN28                      100025fc     pthread_cond_destroy.obj
 0001:00001601       $LN27                      10002601     pthread_cond_destroy.obj
 0001:000017f0       $LN14                      100027f0     pthread_cond_init.obj
 0001:000017f8       $LN13                      100027f8     pthread_cond_init.obj
 0001:00001804       $LN12                      10002804     pthread_cond_init.obj
 0001:00001810       _ptw32_cond_unblock        10002810 f   pthread_cond_signal.obj
 0001:00001a40       _ptw32_cond_wait_cleanup   10002a40 f   pthread_cond_wait.obj
 0001:00001bb0       _ptw32_cond_timedwait      10002bb0 f   pthread_cond_wait.obj
 0001:00001d40       $LN22                      10002d40     pthread_cond_wait.obj
 0001:00001d48       $LN21                      10002d48     pthread_cond_wait.obj
 0001:00001d6c       $LN20                      10002d6c     pthread_cond_wait.obj
 0001:00001d75       $LN19                      10002d75     pthread_cond_wait.obj
 0001:00001d82       $LN18                      10002d82     pthread_cond_wait.obj
 0001:00001f70       $LN16                      10002f70     pthread_delay_np.obj
 0001:00001f78       $LN15                      10002f78     pthread_delay_np.obj
 0001:00001f90       $LN14                      10002f90     pthread_delay_np.obj
 0001:00001f9a       $LN13                      10002f9a     pthread_delay_np.obj
 0001:000020c0       $LN17                      100030c0     pthread_detach.obj
 0001:000020c8       $LN16                      100030c8     pthread_detach.obj
 0001:000020e0       $LN15                      100030e0     pthread_detach.obj
 0001:000020ea       $LN14                      100030ea     pthread_detach.obj
 0001:0000227c       $LN9                       1000327c     pthread_getname_np.obj
 0001:00002284       $LN8                       10003284     pthread_getname_np.obj
 0001:00002290       $LN7                       10003290     pthread_getname_np.obj
 0001:000024d0       $LN19                      100034d0     pthread_join.obj
 0001:000024d8       $LN18                      100034d8     pthread_join.obj
 0001:000024f0       $LN17                      100034f0     pthread_join.obj
 0001:000024f5       $LN16                      100034f5     pthread_join.obj
 0001:000026fc       $LN12                      100036fc     pthread_key_delete.obj
 0001:00002704       $LN11                      10003704     pthread_key_delete.obj
 0001:0000271c       $LN10                      1000371c     pthread_key_delete.obj
 0001:00002727       $LN9                       10003727     pthread_key_delete.obj
 0001:00002898       $LN24                      10003898     pthread_kill.obj
 0001:000028a0       $LN23                      100038a0     pthread_kill.obj
 0001:000028b8       $LN22                      100038b8     pthread_kill.obj
 0001:000028c2       $LN21                      100038c2     pthread_kill.obj
 0001:000028c8       $LN20                      100038c8     pthread_kill.obj
 0001:000028d0       $LN19                      100038d0     pthread_kill.obj
 0001:00002e2c       $LN22                      10003e2c     pthread_mutex_destroy.obj
 0001:00002e34       $LN21                      10003e34     pthread_mutex_destroy.obj
 0001:00002e4c       $LN20                      10003e4c     pthread_mutex_destroy.obj
 0001:00002e51       $LN19                      10003e51     pthread_mutex_destroy.obj
 0001:000033fc       $LN50                      100043fc     pthread_mutex_lock.obj
 0001:00003404       $LN49                      10004404     pthread_mutex_lock.obj
 0001:0000341c       $LN48                      1000441c     pthread_mutex_lock.obj
 0001:00003421       $LN47                      10004421     pthread_mutex_lock.obj
 0001:00003430       _ptw32_timed_eventwait     10004430 f   pthread_mutex_timedlock.obj
 0001:00003880       $LN50                      10004880     pthread_mutex_timedlock.obj
 0001:00003888       $LN49                      10004888     pthread_mutex_timedlock.obj
 0001:000038a0       $LN48                      100048a0     pthread_mutex_timedlock.obj
 0001:000038a5       $LN47                      100048a5     pthread_mutex_timedlock.obj
 0001:00003ab0       $LN24                      10004ab0     pthread_mutex_trylock.obj
 0001:00003ab8       $LN23                      10004ab8     pthread_mutex_trylock.obj
 0001:00003ac4       $LN22                      10004ac4     pthread_mutex_trylock.obj
 0001:00003d08       $LN32                      10004d08     pthread_mutex_unlock.obj
 0001:00003d10       $LN31                      10004d10     pthread_mutex_unlock.obj
 0001:00003d1c       $LN30                      10004d1c     pthread_mutex_unlock.obj
 0001:00003d84       $LN6                       10004d84     pthread_num_processors_np.obj
 0001:00003d8c       $LN5                       10004d8c     pthread_num_processors_np.obj
 0001:00003d98       $LN4                       10004d98     pthread_num_processors_np.obj
 0001:00003da0       _ptw32_mcs_lock_cleanup    10004da0 f   pthread_once.obj
 0001:00003ef4       $LN18                      10004ef4     pthread_once.obj
 0001:00003efc       $LN17                      10004efc     pthread_once.obj
 0001:00003f14       $LN16                      10004f14     pthread_once.obj
 0001:00003f1d       $LN15                      10004f1d     pthread_once.obj
 0001:000041c8       $LN23                      100051c8     pthread_rwlock_destroy.obj
 0001:000041d0       $LN22                      100051d0     pthread_rwlock_destroy.obj
 0001:000041dc       $LN21                      100051dc     pthread_rwlock_destroy.obj
 0001:00004828       $LN33                      10005828     pthread_rwlock_timedwrlock.obj
 0001:00004830       $LN32                      10005830     pthread_rwlock_timedwrlock.obj
 0001:00004848       $LN31                      10005848     pthread_rwlock_timedwrlock.obj
 0001:00004851       $LN30                      10005851     pthread_rwlock_timedwrlock.obj
 0001:00004e6c       $LN33                      10005e6c     pthread_rwlock_wrlock.obj
 0001:00004e74       $LN32                      10005e74     pthread_rwlock_wrlock.obj
 0001:00004e8c       $LN31                      10005e8c     pthread_rwlock_wrlock.obj
 0001:00004e95       $LN30                      10005e95     pthread_rwlock_wrlock.obj
 0001:000050d0       $LN22                      100060d0     pthread_self.obj
 0001:000050d8       $LN21                      100060d8     pthread_self.obj
 0001:00005108       $LN20                      10006108     pthread_self.obj
 0001:00005114       $LN19                      10006114     pthread_self.obj
 0001:00005121       $LN18                      10006121     pthread_self.obj
 0001:00005125       $LN17                      10006125     pthread_self.obj
 0001:0000523c       $LN18                      1000623c     pthread_setaffinity.obj
 0001:00005244       $LN17                      10006244     pthread_setaffinity.obj
 0001:00005268       $LN16                      10006268     pthread_setaffinity.obj
 0001:00005270       $LN15                      10006270     pthread_setaffinity.obj
 0001:0000527e       $LN14                      1000627e     pthread_setaffinity.obj
 0001:000053a0       $LN12                      100063a0     pthread_setaffinity.obj
 0001:000053a8       $LN11                      100063a8     pthread_setaffinity.obj
 0001:000053b4       $LN10                      100063b4     pthread_setaffinity.obj
 0001:000054d4       $LN10                      100064d4     pthread_setcancelstate.obj
 0001:000054dc       $LN9                       100064dc     pthread_setcancelstate.obj
 0001:000054f4       $LN8                       100064f4     pthread_setcancelstate.obj
 0001:000054f9       $LN7                       100064f9     pthread_setcancelstate.obj
 0001:00005624       $LN10                      10006624     pthread_setcanceltype.obj
 0001:0000562c       $LN9                       1000662c     pthread_setcanceltype.obj
 0001:00005644       $LN8                       10006644     pthread_setcanceltype.obj
 0001:00005649       $LN7                       10006649     pthread_setcanceltype.obj
 0001:00005750       $LN11                      10006750     pthread_setname_np.obj
 0001:00005758       $LN10                      10006758     pthread_setname_np.obj
 0001:00005764       $LN9                       10006764     pthread_setname_np.obj
 0001:00005858       $LN8                       10006858     pthread_setname_np.obj
 0001:00005860       $LN7                       10006860     pthread_setname_np.obj
 0001:0000586c       $LN6                       1000686c     pthread_setname_np.obj
 0001:00005a00       $LN12                      10006a00     pthread_setschedparam.obj
 0001:00005a08       $LN11                      10006a08     pthread_setschedparam.obj
 0001:00005a14       $LN10                      10006a14     pthread_setschedparam.obj
 0001:00005bb4       $LN21                      10006bb4     pthread_setspecific.obj
 0001:00005bbc       $LN20                      10006bbc     pthread_setspecific.obj
 0001:00005be0       $LN19                      10006be0     pthread_setspecific.obj
 0001:00005beb       $LN18                      10006beb     pthread_setspecific.obj
 0001:00005bf3       $LN17                      10006bf3     pthread_setspecific.obj
 0001:00005d08       $LN15                      10006d08     pthread_spin_destroy.obj
 0001:00005d10       $LN14                      10006d10     pthread_spin_destroy.obj
 0001:00005d1c       $LN13                      10006d1c     pthread_spin_destroy.obj
 0001:00005e84       $LN17                      10006e84     pthread_spin_init.obj
 0001:00005e8c       $LN16                      10006e8c     pthread_spin_init.obj
 0001:00005ea4       $LN15                      10006ea4     pthread_spin_init.obj
 0001:00005ea7       $LN14                      10006ea7     pthread_spin_init.obj
 0001:00006174       $LN9                       10007174     pthread_testcancel.obj
 0001:0000617c       $LN8                       1000717c     pthread_testcancel.obj
 0001:00006194       $LN7                       10007194     pthread_testcancel.obj
 0001:00006199       $LN6                       10007199     pthread_testcancel.obj
 0001:00006254       $LN10                      10007254     pthread_timechange_handler_np.obj
 0001:0000625c       $LN9                       1000725c     pthread_timechange_handler_np.obj
 0001:00006274       $LN8                       10007274     pthread_timechange_handler_np.obj
 0001:00006279       $LN7                       10007279     pthread_timechange_handler_np.obj
 0001:000063c8       $LN22                      100073c8     pthread_timedjoin_np.obj
 0001:000063d0       $LN21                      100073d0     pthread_timedjoin_np.obj
 0001:000063e8       $LN20                      100073e8     pthread_timedjoin_np.obj
 0001:000063ed       $LN19                      100073ed     pthread_timedjoin_np.obj
 0001:00006534       $LN21                      10007534     pthread_tryjoin_np.obj
 0001:0000653c       $LN20                      1000753c     pthread_tryjoin_np.obj
 0001:00006554       $LN19                      10007554     pthread_tryjoin_np.obj
 0001:00006559       $LN18                      10007559     pthread_tryjoin_np.obj
 0001:00006774       $LN15                      10007774     pthread_win32_attach_detach_np.obj
 0001:0000677c       $LN14                      1000777c     pthread_win32_attach_detach_np.obj
 0001:00006788       $LN13                      10007788     pthread_win32_attach_detach_np.obj
 0001:000069bc       $LN12                      100079bc     pthread_win32_attach_detach_np.obj
 0001:000069c4       $LN11                      100079c4     pthread_win32_attach_detach_np.obj
 0001:000069dc       $LN10                      100079dc     pthread_win32_attach_detach_np.obj
 0001:000069df       $LN9                       100079df     pthread_win32_attach_detach_np.obj
 0001:00006bdc       $LN18                      10007bdc     ptw32_callUserDestroyRoutines.obj
 0001:00006be4       $LN17                      10007be4     ptw32_callUserDestroyRoutines.obj
 0001:00006bfc       $LN16                      10007bfc     ptw32_callUserDestroyRoutines.obj
[...]
 0002:00001cd0       $N00074                    1000ecd0     pthread.exp
 0002:00001cea       $N00075                    1000ecea     pthread.exp
 0002:00001d07       $N00076                    1000ed07     pthread.exp
 0002:00001d24       $N00077                    1000ed24     pthread.exp
 0002:00001d40       $N00078                    1000ed40     pthread.exp
 0002:00001d5a       $N00079                    1000ed5a     pthread.exp
 0002:00001d71       $N00080                    1000ed71     pthread.exp
 0002:00001d8e       $N00081                    1000ed8e     pthread.exp
 0002:00001dab       $N00082                    1000edab     pthread.exp
 0002:00001dc7       $N00083                    1000edc7     pthread.exp
 0002:00001de1       $N00084                    1000ede1     pthread.exp
 0002:00001dfb       $N00085                    1000edfb     pthread.exp
 0002:00001e08       $N00086                    1000ee08     pthread.exp
 0002:00001e1f       $N00087                    1000ee1f     pthread.exp
 0002:00001e33       $N00088                    1000ee33     pthread.exp
 0002:00001e49       $N00089                    1000ee49     pthread.exp
 0002:00001e64       $N00090                    1000ee64     pthread.exp
 0002:00001e7f       $N00091                    1000ee7f     pthread.exp
 0002:00001e98       $N00092                    1000ee98     pthread.exp
 0002:00001eb1       $N00093                    1000eeb1     pthread.exp
 0002:00001ec7       $N00094                    1000eec7     pthread.exp
 0002:00001edd       $N00095                    1000eedd     pthread.exp
 0002:00001ef8       $N00096                    1000eef8     pthread.exp
 0002:00001f16       $N00097                    1000ef16     pthread.exp
 0002:00001f2e       $N00098                    1000ef2e     pthread.exp
 0002:00001f4c       $N00099                    1000ef4c     pthread.exp
 0002:00001f59       $N00100                    1000ef59     pthread.exp
 0002:00001f70       $N00101                    1000ef70     pthread.exp
 0002:00001f87       $N00102                    1000ef87     pthread.exp
 0002:00001f9d       $N00103                    1000ef9d     pthread.exp
 0002:00001fb4       $N00104                    1000efb4     pthread.exp
 0002:00001fc7       $N00105                    1000efc7     pthread.exp
 0002:00001fdd       $N00106                    1000efdd     pthread.exp
 0002:00001ff1       $N00107                    1000eff1     pthread.exp
 0002:00002006       $N00108                    1000f006     pthread.exp
 0002:00002018       $N00109                    1000f018     pthread.exp
 0002:0000202a       $N00110                    1000f02a     pthread.exp
 0002:0000203f       $N00111                    1000f03f     pthread.exp
 0002:00002053       $N00112                    1000f053     pthread.exp
 0002:00002066       $N00113                    1000f066     pthread.exp
 0002:00002084       $N00114                    1000f084     pthread.exp
 0002:00002099       $N00115                    1000f099     pthread.exp
 0002:000020ac       $N00116                    1000f0ac     pthread.exp
 0002:000020c8       $N00117                    1000f0c8     pthread.exp
 0002:000020e8       $N00118                    1000f0e8     pthread.exp
 0002:00002108       $N00119                    1000f108     pthread.exp
 0002:00002127       $N00120                    1000f127     pthread.exp
 0002:00002146       $N00121                    1000f146     pthread.exp
 0002:00002165       $N00122                    1000f165     pthread.exp
 0002:00002187       $N00123                    1000f187     pthread.exp
 0002:00002199       $N00124                    1000f199     pthread.exp
 0002:000021ac       $N00125                    1000f1ac     pthread.exp
 0002:000021c3       $N00126                    1000f1c3     pthread.exp
 0002:000021da       $N00127                    1000f1da     pthread.exp
 0002:000021ec       $N00128                    1000f1ec     pthread.exp
 0002:000021ff       $N00129                    1000f1ff     pthread.exp
 0002:00002211       $N00130                    1000f211     pthread.exp
 0002:00002224       $N00131                    1000f224     pthread.exp
 0002:00002230       $N00132                    1000f230     pthread.exp
 0002:0000223a       $N00133                    1000f23a     pthread.exp
 0002:00002246       $N00134                    1000f246     pthread.exp
 0002:00002253       $N00135                    1000f253     pthread.exp
 0002:0000225c       $N00136                    1000f25c     pthread.exp
 0002:00002265       $N00137                    1000f265     pthread.exp
 0002:0000226e       $N00138                    1000f26e     pthread.exp
 0002:00002280       $N00139                    1000f280     pthread.exp
 0002:0000228e       $N00140                    1000f28e     pthread.exp
 0002:0000229a       $N00141                    1000f29a     pthread.exp
 0002:000022a5       $N00142                    1000f2a5     pthread.exp
 0002:00002742       .idata$6                   1000f742     kernel32:KERNEL32.dll
 0002:000027c8       .idata$6                   1000f7c8     vcruntime:VCRUNTIME140.dll
 0002:0000293a       .idata$6                   1000f93a     ucrt:api-ms-win-crt-runtime-l1-1-0.dll
 0002:0000295c       .idata$6                   1000f95c     ucrt:api-ms-win-crt-heap-l1-1-0.dll
 0002:0000297c       .idata$6                   1000f97c     ucrt:api-ms-win-crt-string-l1-1-0.dll
 0002:00002ae4       .idata$6                   1000fae4     ucrt:api-ms-win-crt-stdio-l1-1-0.dll
 0003:00000020       _ptw32_errorcheck_mutexattr_s 10010020     ptw32_mutex_check_need_init.obj
 0003:0000002c       _ptw32_recursive_mutexattr_s 1001002c     ptw32_mutex_check_need_init.obj
 0003:00000038       _ptw32_errorcheck_mutexattr 10010038     ptw32_mutex_check_need_init.obj
 0003:0000003c       _ptw32_recursive_mutexattr 1001003c     ptw32_mutex_check_need_init.obj
 0003:00000058       ?__proc_attached@@3HA      10010058     MSVCRT:dll_dllmain.obj
 0003:00000060       _GS_ExceptionRecord        10010060     MSVCRT:gs_report.obj
 0003:000000b0       _GS_ContextRecord          100100b0     MSVCRT:gs_report.obj
 0003:000003a0       ?is_initialized_as_dll@@3_NA 100103a0     MSVCRT:utility.obj
 0003:000003a1       ?module_local_atexit_table_initialized@@3_NA 100103a1     MSVCRT:utility.obj
 0003:000003a4       ?module_local_atexit_table@@3U_onexit_table_t@@A 100103a4     MSVCRT:utility.obj
 0003:000003b0       ?module_local_at_quick_exit_table@@3U_onexit_table_t@@A 100103b0     MSVCRT:utility.obj
 0003:00000410       _ptw32_h_quserex           10010410     pthread_win32_attach_detach_np.obj
 0003:00000414       ?_RTC_ErrorReportFunc@@3P6AHHPBDH00ZZA 10010414     MSVCRT:userapi.obj
 0003:00000418       ?_RTC_ErrorReportFuncW@@3P6AHHPB_WH00ZZA 10010418     MSVCRT:userapi.obj
 0003:0000041c       ?mspdb@@3PAUHINSTANCE__@@A 1001041c     MSVCRT:pdblkup.obj
 0003:00000420       ?alreadyTried@?1??GetPdbDll@@YAPAUHINSTANCE__@@XZ@4_NA 10010420     MSVCRT:pdblkup.obj
 0003:00000421       ?PDBOK@?1??_RTC_GetSrcLine@@YAHPAEPA_WKPAH1K@Z@4_NA 10010421     MSVCRT:pdblkup.obj
 0004:000000a0       $R000000                   100110a0     version.res
 0004:00000498       $R0003F8                   10011498     version.res

 Exports

  ordinal    name

        1    __sched_affinitycpuand
               exported name: _sched_affinitycpuand
        2    __sched_affinitycpuclr
               exported name: _sched_affinitycpuclr
        3    __sched_affinitycpucount
               exported name: _sched_affinitycpucount
        4    __sched_affinitycpuequal
               exported name: _sched_affinitycpuequal
        5    __sched_affinitycpuisset
               exported name: _sched_affinitycpuisset
        6    __sched_affinitycpuor
               exported name: _sched_affinitycpuor
        7    __sched_affinitycpuset
               exported name: _sched_affinitycpuset
        8    __sched_affinitycpuxor
               exported name: _sched_affinitycpuxor
        9    __sched_affinitycpuzero
               exported name: _sched_affinitycpuzero
       10    _pthreadCancelableTimedWait
               exported name: pthreadCancelableTimedWait
       11    _pthreadCancelableWait
               exported name: pthreadCancelableWait
       12    _pthread_attr_destroy
               exported name: pthread_attr_destroy
       13    _pthread_attr_getaffinity_np
               exported name: pthread_attr_getaffinity_np
       14    _pthread_attr_getdetachstate
               exported name: pthread_attr_getdetachstate
       15    _pthread_attr_getinheritsched
               exported name: pthread_attr_getinheritsched
       16    _pthread_attr_getname_np
               exported name: pthread_attr_getname_np
       17    _pthread_attr_getschedparam
               exported name: pthread_attr_getschedparam
       18    _pthread_attr_getschedpolicy
               exported name: pthread_attr_getschedpolicy
       19    _pthread_attr_getscope
               exported name: pthread_attr_getscope
       20    _pthread_attr_getstackaddr
               exported name: pthread_attr_getstackaddr
       21    _pthread_attr_getstacksize
               exported name: pthread_attr_getstacksize
       22    _pthread_attr_init
               exported name: pthread_attr_init
       23    _pthread_attr_setaffinity_np
               exported name: pthread_attr_setaffinity_np
       24    _pthread_attr_setdetachstate
               exported name: pthread_attr_setdetachstate
       25    _pthread_attr_setinheritsched
               exported name: pthread_attr_setinheritsched
       26    _pthread_attr_setname_np
               exported name: pthread_attr_setname_np
       27    _pthread_attr_setschedparam
               exported name: pthread_attr_setschedparam
       28    _pthread_attr_setschedpolicy
               exported name: pthread_attr_setschedpolicy
       29    _pthread_attr_setscope
               exported name: pthread_attr_setscope
       30    _pthread_attr_setstackaddr
               exported name: pthread_attr_setstackaddr
       31    _pthread_attr_setstacksize
               exported name: pthread_attr_setstacksize
       32    _pthread_barrier_destroy
               exported name: pthread_barrier_destroy
       33    _pthread_barrier_init
               exported name: pthread_barrier_init
       34    _pthread_barrier_wait
               exported name: pthread_barrier_wait
       35    _pthread_barrierattr_destroy
               exported name: pthread_barrierattr_destroy
       36    _pthread_barrierattr_getpshared
               exported name: pthread_barrierattr_getpshared
       37    _pthread_barrierattr_init
               exported name: pthread_barrierattr_init
       38    _pthread_barrierattr_setpshared
               exported name: pthread_barrierattr_setpshared
       39    _pthread_cancel
               exported name: pthread_cancel
       40    _pthread_cond_broadcast
               exported name: pthread_cond_broadcast
       41    _pthread_cond_destroy
               exported name: pthread_cond_destroy
       42    _pthread_cond_init
               exported name: pthread_cond_init
       43    _pthread_cond_signal
               exported name: pthread_cond_signal
       44    _pthread_cond_timedwait
               exported name: pthread_cond_timedwait
       45    _pthread_cond_wait
               exported name: pthread_cond_wait
       46    _pthread_condattr_destroy
               exported name: pthread_condattr_destroy
       47    _pthread_condattr_getpshared
               exported name: pthread_condattr_getpshared
       48    _pthread_condattr_init
               exported name: pthread_condattr_init
       49    _pthread_condattr_setpshared
               exported name: pthread_condattr_setpshared
       50    _pthread_create
               exported name: pthread_create
       51    _pthread_delay_np
               exported name: pthread_delay_np
       52    _pthread_detach
               exported name: pthread_detach
       53    _pthread_equal
               exported name: pthread_equal
       54    _pthread_exit
               exported name: pthread_exit
       55    _pthread_getaffinity_np
               exported name: pthread_getaffinity_np
       56    _pthread_getconcurrency
               exported name: pthread_getconcurrency
       57    _pthread_getname_np
               exported name: pthread_getname_np
       58    _pthread_getschedparam
               exported name: pthread_getschedparam
       59    _pthread_getspecific
               exported name: pthread_getspecific
       60    _pthread_getunique_np
               exported name: pthread_getunique_np
       61    _pthread_getw32threadhandle_np
               exported name: pthread_getw32threadhandle_np
       62    _pthread_getw32threadid_np
               exported name: pthread_getw32threadid_np
       63    _pthread_join
               exported name: pthread_join
       64    _pthread_key_create
               exported name: pthread_key_create
       65    _pthread_key_delete
               exported name: pthread_key_delete
       66    _pthread_kill
               exported name: pthread_kill
       67    _pthread_mutex_consistent
               exported name: pthread_mutex_consistent
       68    _pthread_mutex_destroy
               exported name: pthread_mutex_destroy
       69    _pthread_mutex_init
               exported name: pthread_mutex_init
       70    _pthread_mutex_lock
               exported name: pthread_mutex_lock
       71    _pthread_mutex_timedlock
               exported name: pthread_mutex_timedlock
       72    _pthread_mutex_trylock
               exported name: pthread_mutex_trylock
       73    _pthread_mutex_unlock
               exported name: pthread_mutex_unlock
       74    _pthread_mutexattr_destroy
               exported name: pthread_mutexattr_destroy
       75    _pthread_mutexattr_getkind_np
               exported name: pthread_mutexattr_getkind_np
       76    _pthread_mutexattr_getpshared
               exported name: pthread_mutexattr_getpshared
       77    _pthread_mutexattr_getrobust
               exported name: pthread_mutexattr_getrobust
       78    _pthread_mutexattr_gettype
               exported name: pthread_mutexattr_gettype
       79    _pthread_mutexattr_init
               exported name: pthread_mutexattr_init
       80    _pthread_mutexattr_setkind_np
               exported name: pthread_mutexattr_setkind_np
       81    _pthread_mutexattr_setpshared
               exported name: pthread_mutexattr_setpshared
       82    _pthread_mutexattr_setrobust
               exported name: pthread_mutexattr_setrobust
       83    _pthread_mutexattr_settype
               exported name: pthread_mutexattr_settype
       84    _pthread_num_processors_np
               exported name: pthread_num_processors_np
       85    _pthread_once
               exported name: pthread_once
       86    _pthread_rwlock_destroy
               exported name: pthread_rwlock_destroy
       87    _pthread_rwlock_init
               exported name: pthread_rwlock_init
       88    _pthread_rwlock_rdlock
               exported name: pthread_rwlock_rdlock
       89    _pthread_rwlock_timedrdlock
               exported name: pthread_rwlock_timedrdlock
       90    _pthread_rwlock_timedwrlock
               exported name: pthread_rwlock_timedwrlock
       91    _pthread_rwlock_tryrdlock
               exported name: pthread_rwlock_tryrdlock
       92    _pthread_rwlock_trywrlock
               exported name: pthread_rwlock_trywrlock
       93    _pthread_rwlock_unlock
               exported name: pthread_rwlock_unlock
       94    _pthread_rwlock_wrlock
               exported name: pthread_rwlock_wrlock
       95    _pthread_rwlockattr_destroy
               exported name: pthread_rwlockattr_destroy
       96    _pthread_rwlockattr_getpshared
               exported name: pthread_rwlockattr_getpshared
       97    _pthread_rwlockattr_init
               exported name: pthread_rwlockattr_init
       98    _pthread_rwlockattr_setpshared
               exported name: pthread_rwlockattr_setpshared
       99    _pthread_self
               exported name: pthread_self
      100    _pthread_setaffinity_np
               exported name: pthread_setaffinity_np
      101    _pthread_setcancelstate
               exported name: pthread_setcancelstate
      102    _pthread_setcanceltype
               exported name: pthread_setcanceltype
      103    _pthread_setconcurrency
               exported name: pthread_setconcurrency
      104    _pthread_setname_np
               exported name: pthread_setname_np
      105    _pthread_setschedparam
               exported name: pthread_setschedparam
      106    _pthread_setspecific
               exported name: pthread_setspecific
      107    _pthread_spin_destroy
               exported name: pthread_spin_destroy
      108    _pthread_spin_init
               exported name: pthread_spin_init
      109    _pthread_spin_lock
               exported name: pthread_spin_lock
      110    _pthread_spin_trylock
               exported name: pthread_spin_trylock
      111    _pthread_spin_unlock
               exported name: pthread_spin_unlock
      112    _pthread_testcancel
               exported name: pthread_testcancel
      113    _pthread_timechange_handler_np
               exported name: pthread_timechange_handler_np
      114    _pthread_timedjoin_np
               exported name: pthread_timedjoin_np
      115    _pthread_tryjoin_np
               exported name: pthread_tryjoin_np
      116    _pthread_win32_getabstime_np
               exported name: pthread_win32_getabstime_np
      117    _pthread_win32_process_attach_np
               exported name: pthread_win32_process_attach_np
      118    _pthread_win32_process_detach_np
               exported name: pthread_win32_process_detach_np
      119    _pthread_win32_test_features_np
               exported name: pthread_win32_test_features_np
      120    _pthread_win32_thread_attach_np
               exported name: pthread_win32_thread_attach_np
      121    _pthread_win32_thread_detach_np
               exported name: pthread_win32_thread_detach_np
      122    _ptw32_get_exception_services_code
               exported name: ptw32_get_exception_services_code
      123    _ptw32_pop_cleanup
               exported name: ptw32_pop_cleanup
      124    _ptw32_push_cleanup
               exported name: ptw32_push_cleanup
      125    _sched_get_priority_max
               exported name: sched_get_priority_max
      126    _sched_get_priority_min
               exported name: sched_get_priority_min
      127    _sched_getaffinity
               exported name: sched_getaffinity
      128    _sched_getscheduler
               exported name: sched_getscheduler
      129    _sched_setaffinity
               exported name: sched_setaffinity
      130    _sched_setscheduler
               exported name: sched_setscheduler
      131    _sched_yield
               exported name: sched_yield
      132    _sem_close
               exported name: sem_close
      133    _sem_destroy
               exported name: sem_destroy
      134    _sem_getvalue
               exported name: sem_getvalue
      135    _sem_init
               exported name: sem_init
      136    _sem_open
               exported name: sem_open
      137    _sem_post
               exported name: sem_post
      138    _sem_post_multiple
               exported name: sem_post_multiple
      139    _sem_timedwait
               exported name: sem_timedwait
      140    _sem_trywait
               exported name: sem_trywait
      141    _sem_unlink
               exported name: sem_unlink
      142    _sem_wait
               exported name: sem_wait
